Archive member included to satisfy reference by file (symbol)

/home/jack/.config/Code - OSS/User/globalStorage/bmd.stm32-for-vscode/@xpack-dev-tools/arm-none-eabi-gcc/11.3.1-1.1.2/.content/bin/../lib/gcc/arm-none-eabi/11.3.1/../../../../arm-none-eabi/lib/thumb/v7-m/nofp/libc_nano.a(libc_a-atexit.o)
                              /home/jack/.config/Code - OSS/User/globalStorage/bmd.stm32-for-vscode/@xpack-dev-tools/arm-none-eabi-gcc/11.3.1-1.1.2/.content/bin/../lib/gcc/arm-none-eabi/11.3.1/../../../../arm-none-eabi/lib/thumb/v7-m/nofp/crt0.o (atexit)
/home/jack/.config/Code - OSS/User/globalStorage/bmd.stm32-for-vscode/@xpack-dev-tools/arm-none-eabi-gcc/11.3.1-1.1.2/.content/bin/../lib/gcc/arm-none-eabi/11.3.1/../../../../arm-none-eabi/lib/thumb/v7-m/nofp/libc_nano.a(libc_a-exit.o)
                              /home/jack/.config/Code - OSS/User/globalStorage/bmd.stm32-for-vscode/@xpack-dev-tools/arm-none-eabi-gcc/11.3.1-1.1.2/.content/bin/../lib/gcc/arm-none-eabi/11.3.1/../../../../arm-none-eabi/lib/thumb/v7-m/nofp/crt0.o (exit)
/home/jack/.config/Code - OSS/User/globalStorage/bmd.stm32-for-vscode/@xpack-dev-tools/arm-none-eabi-gcc/11.3.1-1.1.2/.content/bin/../lib/gcc/arm-none-eabi/11.3.1/../../../../arm-none-eabi/lib/thumb/v7-m/nofp/libc_nano.a(libc_a-findfp.o)
                              /home/jack/.config/Code - OSS/User/globalStorage/bmd.stm32-for-vscode/@xpack-dev-tools/arm-none-eabi-gcc/11.3.1-1.1.2/.content/bin/../lib/gcc/arm-none-eabi/11.3.1/../../../../arm-none-eabi/lib/thumb/v7-m/nofp/libc_nano.a(libc_a-exit.o) (__stdio_exit_handler)
/home/jack/.config/Code - OSS/User/globalStorage/bmd.stm32-for-vscode/@xpack-dev-tools/arm-none-eabi-gcc/11.3.1-1.1.2/.content/bin/../lib/gcc/arm-none-eabi/11.3.1/../../../../arm-none-eabi/lib/thumb/v7-m/nofp/libc_nano.a(libc_a-fwalk.o)
                              /home/jack/.config/Code - OSS/User/globalStorage/bmd.stm32-for-vscode/@xpack-dev-tools/arm-none-eabi-gcc/11.3.1-1.1.2/.content/bin/../lib/gcc/arm-none-eabi/11.3.1/../../../../arm-none-eabi/lib/thumb/v7-m/nofp/libc_nano.a(libc_a-findfp.o) (_fwalk_sglue)
/home/jack/.config/Code - OSS/User/globalStorage/bmd.stm32-for-vscode/@xpack-dev-tools/arm-none-eabi-gcc/11.3.1-1.1.2/.content/bin/../lib/gcc/arm-none-eabi/11.3.1/../../../../arm-none-eabi/lib/thumb/v7-m/nofp/libc_nano.a(libc_a-stdio.o)
                              /home/jack/.config/Code - OSS/User/globalStorage/bmd.stm32-for-vscode/@xpack-dev-tools/arm-none-eabi-gcc/11.3.1-1.1.2/.content/bin/../lib/gcc/arm-none-eabi/11.3.1/../../../../arm-none-eabi/lib/thumb/v7-m/nofp/libc_nano.a(libc_a-findfp.o) (__sread)
/home/jack/.config/Code - OSS/User/globalStorage/bmd.stm32-for-vscode/@xpack-dev-tools/arm-none-eabi-gcc/11.3.1-1.1.2/.content/bin/../lib/gcc/arm-none-eabi/11.3.1/../../../../arm-none-eabi/lib/thumb/v7-m/nofp/libc_nano.a(libc_a-memset.o)
                              /home/jack/.config/Code - OSS/User/globalStorage/bmd.stm32-for-vscode/@xpack-dev-tools/arm-none-eabi-gcc/11.3.1-1.1.2/.content/bin/../lib/gcc/arm-none-eabi/11.3.1/../../../../arm-none-eabi/lib/thumb/v7-m/nofp/crt0.o (memset)
/home/jack/.config/Code - OSS/User/globalStorage/bmd.stm32-for-vscode/@xpack-dev-tools/arm-none-eabi-gcc/11.3.1-1.1.2/.content/bin/../lib/gcc/arm-none-eabi/11.3.1/../../../../arm-none-eabi/lib/thumb/v7-m/nofp/libc_nano.a(libc_a-closer.o)
                              /home/jack/.config/Code - OSS/User/globalStorage/bmd.stm32-for-vscode/@xpack-dev-tools/arm-none-eabi-gcc/11.3.1-1.1.2/.content/bin/../lib/gcc/arm-none-eabi/11.3.1/../../../../arm-none-eabi/lib/thumb/v7-m/nofp/libc_nano.a(libc_a-stdio.o) (_close_r)
/home/jack/.config/Code - OSS/User/globalStorage/bmd.stm32-for-vscode/@xpack-dev-tools/arm-none-eabi-gcc/11.3.1-1.1.2/.content/bin/../lib/gcc/arm-none-eabi/11.3.1/../../../../arm-none-eabi/lib/thumb/v7-m/nofp/libc_nano.a(libc_a-reent.o)
                              /home/jack/.config/Code - OSS/User/globalStorage/bmd.stm32-for-vscode/@xpack-dev-tools/arm-none-eabi-gcc/11.3.1-1.1.2/.content/bin/../lib/gcc/arm-none-eabi/11.3.1/../../../../arm-none-eabi/lib/thumb/v7-m/nofp/libc_nano.a(libc_a-closer.o) (errno)
/home/jack/.config/Code - OSS/User/globalStorage/bmd.stm32-for-vscode/@xpack-dev-tools/arm-none-eabi-gcc/11.3.1-1.1.2/.content/bin/../lib/gcc/arm-none-eabi/11.3.1/../../../../arm-none-eabi/lib/thumb/v7-m/nofp/libc_nano.a(libc_a-impure.o)
                              /home/jack/.config/Code - OSS/User/globalStorage/bmd.stm32-for-vscode/@xpack-dev-tools/arm-none-eabi-gcc/11.3.1-1.1.2/.content/bin/../lib/gcc/arm-none-eabi/11.3.1/../../../../arm-none-eabi/lib/thumb/v7-m/nofp/libc_nano.a(libc_a-reent.o) (_impure_ptr)
/home/jack/.config/Code - OSS/User/globalStorage/bmd.stm32-for-vscode/@xpack-dev-tools/arm-none-eabi-gcc/11.3.1-1.1.2/.content/bin/../lib/gcc/arm-none-eabi/11.3.1/../../../../arm-none-eabi/lib/thumb/v7-m/nofp/libc_nano.a(libc_a-lseekr.o)
[...]
Memory Configuration

Name             Origin             Length             Attributes
RAM              0x0000000020000000 0x0000000000005000 xrw
FLASH            0x0000000008000000 0x0000000000010000 xr
*default*        0x0000000000000000 0xffffffffffffffff

Linker script and memory map

LOAD /home/jack/.config/Code - OSS/User/globalStorage/bmd.stm32-for-vscode/@xpack-dev-tools/arm-none-eabi-gcc/11.3.1-1.1.2/.content/bin/../lib/gcc/arm-none-eabi/11.3.1/thumb/v7-m/nofp/crti.o
LOAD /home/jack/.config/Code - OSS/User/globalStorage/bmd.stm32-for-vscode/@xpack-dev-tools/arm-none-eabi-gcc/11.3.1-1.1.2/.content/bin/../lib/gcc/arm-none-eabi/11.3.1/thumb/v7-m/nofp/crtbegin.o
LOAD /home/jack/.config/Code - OSS/User/globalStorage/bmd.stm32-for-vscode/@xpack-dev-tools/arm-none-eabi-gcc/11.3.1-1.1.2/.content/bin/../lib/gcc/arm-none-eabi/11.3.1/../../../../arm-none-eabi/lib/thumb/v7-m/nofp/crt0.o
LOAD build/hx711.o
LOAD build/main.o
LOAD build/segment.o
LOAD build/stepper.o
LOAD build/stm32f1xx_hal_msp.o
LOAD build/stm32f1xx_it.o
LOAD build/system_stm32f1xx.o
LOAD build/stm32f1xx_hal.o
LOAD build/stm32f1xx_hal_can.o
LOAD build/stm32f1xx_hal_cortex.o
LOAD build/stm32f1xx_hal_dma.o
LOAD build/stm32f1xx_hal_exti.o
LOAD build/stm32f1xx_hal_flash.o
LOAD build/stm32f1xx_hal_flash_ex.o
LOAD build/stm32f1xx_hal_gpio.o
LOAD build/stm32f1xx_hal_gpio_ex.o
LOAD build/stm32f1xx_hal_pwr.o
LOAD build/stm32f1xx_hal_rcc.o
LOAD build/stm32f1xx_hal_rcc_ex.o
LOAD build/stm32f1xx_hal_tim.o
LOAD build/stm32f1xx_hal_tim_ex.o
LOAD build/startup_stm32f103xb.o
LOAD /home/jack/.config/Code - OSS/User/globalStorage/bmd.stm32-for-vscode/@xpack-dev-tools/arm-none-eabi-gcc/11.3.1-1.1.2/.content/bin/../lib/gcc/arm-none-eabi/11.3.1/../../../../arm-none-eabi/lib/thumb/v7-m/nofp/libc_nano.a
LOAD /home/jack/.config/Code - OSS/User/globalStorage/bmd.stm32-for-vscode/@xpack-dev-tools/arm-none-eabi-gcc/11.3.1-1.1.2/.content/bin/../lib/gcc/arm-none-eabi/11.3.1/../../../../arm-none-eabi/lib/thumb/v7-m/nofp/libm.a
LOAD /home/jack/.config/Code - OSS/User/globalStorage/bmd.stm32-for-vscode/@xpack-dev-tools/arm-none-eabi-gcc/11.3.1-1.1.2/.content/bin/../lib/gcc/arm-none-eabi/11.3.1/../../../../arm-none-eabi/lib/thumb/v7-m/nofp/libnosys.a
START GROUP
LOAD /home/jack/.config/Code - OSS/User/globalStorage/bmd.stm32-for-vscode/@xpack-dev-tools/arm-none-eabi-gcc/11.3.1-1.1.2/.content/bin/../lib/gcc/arm-none-eabi/11.3.1/thumb/v7-m/nofp/libgcc.a
LOAD /home/jack/.config/Code - OSS/User/globalStorage/bmd.stm32-for-vscode/@xpack-dev-tools/arm-none-eabi-gcc/11.3.1-1.1.2/.content/bin/../lib/gcc/arm-none-eabi/11.3.1/../../../../arm-none-eabi/lib/thumb/v7-m/nofp/libc_nano.a
END GROUP
START GROUP
LOAD /home/jack/.config/Code - OSS/User/globalStorage/bmd.stm32-for-vscode/@xpack-dev-tools/arm-none-eabi-gcc/11.3.1-1.1.2/.content/bin/../lib/gcc/arm-none-eabi/11.3.1/thumb/v7-m/nofp/libgcc.a
LOAD /home/jack/.config/Code - OSS/User/globalStorage/bmd.stm32-for-vscode/@xpack-dev-tools/arm-none-eabi-gcc/11.3.1-1.1.2/.content/bin/../lib/gcc/arm-none-eabi/11.3.1/../../../../arm-none-eabi/lib/thumb/v7-m/nofp/libc_nano.a
END GROUP
LOAD /home/jack/.config/Code - OSS/User/globalStorage/bmd.stm32-for-vscode/@xpack-dev-tools/arm-none-eabi-gcc/11.3.1-1.1.2/.content/bin/../lib/gcc/arm-none-eabi/11.3.1/thumb/v7-m/nofp/crtend.o
LOAD /home/jack/.config/Code - OSS/User/globalStorage/bmd.stm32-for-vscode/@xpack-dev-tools/arm-none-eabi-gcc/11.3.1-1.1.2/.content/bin/../lib/gcc/arm-none-eabi/11.3.1/thumb/v7-m/nofp/crtn.o
                0x0000000020005000                _estack = (ORIGIN (RAM) + LENGTH (RAM))
                0x0000000000000200                _Min_Heap_Size = 0x200
                0x0000000000000400                _Min_Stack_Size = 0x400

.isr_vector     0x0000000008000000      0x10c
                0x0000000008000000                . = ALIGN (0x4)
 *(.isr_vector)
 .isr_vector    0x0000000008000000      0x10c build/startup_stm32f103xb.o
                0x0000000008000000                g_pfnVectors
                0x000000000800010c                . = ALIGN (0x4)

.text           0x000000000800010c     0x2a4c
                0x000000000800010c                . = ALIGN (0x4)
 *(.text)
 .text          0x000000000800010c      0x21c /home/jack/.config/Code - OSS/User/globalStorage/bmd.stm32-for-vscode/@xpack-dev-tools/arm-none-eabi-gcc/11.3.1-1.1.2/.content/bin/../lib/gcc/arm-none-eabi/11.3.1/thumb/v7-m/nofp/libgcc.a(_arm_addsubsf3.o)
                0x000000000800010c                __aeabi_frsub
                0x0000000008000114                __subsf3
                0x0000000008000114                __aeabi_fsub
                0x0000000008000118                __aeabi_fadd
                0x0000000008000118                __addsf3
                0x0000000008000278                __aeabi_ui2f
                0x0000000008000278                __floatunsisf
                0x0000000008000280                __aeabi_i2f
                0x0000000008000280                __floatsisf
                0x000000000800029c                __floatundisf
                0x000000000800029c                __aeabi_ul2f
                0x00000000080002ac                __floatdisf
                0x00000000080002ac                __aeabi_l2f
 .text          0x0000000008000328      0x2a0 /home/jack/.config/Code - OSS/User/globalStorage/bmd.stm32-for-vscode/@xpack-dev-tools/arm-none-eabi-gcc/11.3.1-1.1.2/.content/bin/../lib/gcc/arm-none-eabi/11.3.1/thumb/v7-m/nofp/libgcc.a(_arm_muldivsf3.o)
                0x0000000008000328                __mulsf3
                0x0000000008000328                __aeabi_fmul
                0x0000000008000490                __divsf3
                0x0000000008000490                __aeabi_fdiv
 .text          0x00000000080005c8       0x40 /home/jack/.config/Code - OSS/User/globalStorage/bmd.stm32-for-vscode/@xpack-dev-tools/arm-none-eabi-gcc/11.3.1-1.1.2/.content/bin/../lib/gcc/arm-none-eabi/11.3.1/thumb/v7-m/nofp/libgcc.a(_arm_fixunssfsi.o)
                0x00000000080005c8                __aeabi_f2uiz
                0x00000000080005c8                __fixunssfsi
 .text          0x0000000008000608       0xa0 /home/jack/.config/Code - OSS/User/globalStorage/bmd.stm32-for-vscode/@xpack-dev-tools/arm-none-eabi-gcc/11.3.1-1.1.2/.content/bin/../lib/gcc/arm-none-eabi/11.3.1/thumb/v7-m/nofp/libgcc.a(_aeabi_ldivmod.o)
                0x0000000008000608                __aeabi_ldivmod
 .text          0x00000000080006a8        0x4 /home/jack/.config/Code - OSS/User/globalStorage/bmd.stm32-for-vscode/@xpack-dev-tools/arm-none-eabi-gcc/11.3.1-1.1.2/.content/bin/../lib/gcc/arm-none-eabi/11.3.1/thumb/v7-m/nofp/libgcc.a(_dvmd_tls.o)
                0x00000000080006a8                __aeabi_ldiv0
                0x00000000080006a8                __aeabi_idiv0
 *(.text*)
 .text.__do_global_dtors_aux
                0x00000000080006ac       0x24 /home/jack/.config/Code - OSS/User/globalStorage/bmd.stm32-for-vscode/@xpack-dev-tools/arm-none-eabi-gcc/11.3.1-1.1.2/.content/bin/../lib/gcc/arm-none-eabi/11.3.1/thumb/v7-m/nofp/crtbegin.o
 .text.frame_dummy
                0x00000000080006d0       0x1c /home/jack/.config/Code - OSS/User/globalStorage/bmd.stm32-for-vscode/@xpack-dev-tools/arm-none-eabi-gcc/11.3.1-1.1.2/.content/bin/../lib/gcc/arm-none-eabi/11.3.1/thumb/v7-m/nofp/crtbegin.o
 .text.hx711_delay_us
                0x00000000080006ec       0x14 build/hx711.o
                0x00000000080006ec                hx711_delay_us
 .text.hx711_lock
                0x0000000008000700       0x18 build/hx711.o
                0x0000000008000700                hx711_lock
 .text.hx711_unlock
                0x0000000008000718        0x6 build/hx711.o
                0x0000000008000718                hx711_unlock
 .text.hx711_value
                0x000000000800071e       0x8a build/hx711.o
                0x000000000800071e                hx711_value
 .text.hx711_init
                0x00000000080007a8       0x96 build/hx711.o
                0x00000000080007a8                hx711_init
 .text.hx711_tare
                0x000000000800083e       0x46 build/hx711.o
                0x000000000800083e                hx711_tare
 .text.hx711_weight
                0x0000000008000884       0x28 build/hx711.o
                0x0000000008000884                hx711_weight
 .text.hx711_coef_set
                0x00000000080008ac        0x4 build/hx711.o
                0x00000000080008ac                hx711_coef_set
 .text.MX_GPIO_Init
                0x00000000080008b0       0xf0 build/main.o
 .text.Error_Handler
                0x00000000080009a0        0x4 build/main.o
                0x00000000080009a0                Error_Handler
 .text.MX_CAN_Init
                0x00000000080009a4       0x3c build/main.o
 .text.MX_TIM1_Init
                0x00000000080009e0       0xe0 build/main.o
 .text.SystemClock_Config
                0x0000000008000ac0       0x64 build/main.o
                0x0000000008000ac0                SystemClock_Config
 .text.main     0x0000000008000b24       0xc8 build/main.o
                0x0000000008000b24                main
 .text.seg_set_value
                0x0000000008000bec       0x58 build/segment.o
                0x0000000008000bec                seg_set_value
 .text.seg_update
                0x0000000008000c44       0x98 build/segment.o
                0x0000000008000c44                seg_update
 .text.stop_movement
                0x0000000008000cdc       0x1c build/stepper.o
                0x0000000008000cdc                stop_movement
 .text.set_arr  0x0000000008000cf8       0x20 build/stepper.o
                0x0000000008000cf8                set_arr
 .text.start_movement
                0x0000000008000d18       0x5c build/stepper.o
                0x0000000008000d18                start_movement
 .text.stepper_pulse_finished
                0x0000000008000d74       0xc0 build/stepper.o
                0x0000000008000d74                stepper_pulse_finished
 .text.move_to  0x0000000008000e34       0x80 build/stepper.o
                0x0000000008000e34                move_to
 .text.zero     0x0000000008000eb4       0x14 build/stepper.o
                0x0000000008000eb4                zero
 .text.is_moving
                0x0000000008000ec8        0xc build/stepper.o
                0x0000000008000ec8                is_moving
 .text.HAL_MspInit
                0x0000000008000ed4       0x44 build/stm32f1xx_hal_msp.o
                0x0000000008000ed4                HAL_MspInit
 .text.HAL_CAN_MspInit
                0x0000000008000f18       0x98 build/stm32f1xx_hal_msp.o
                0x0000000008000f18                HAL_CAN_MspInit
 .text.HAL_TIM_Base_MspInit
                0x0000000008000fb0       0x50 build/stm32f1xx_hal_msp.o
                0x0000000008000fb0                HAL_TIM_Base_MspInit
 .text.HAL_TIM_MspPostInit
                0x0000000008001000       0x50 build/stm32f1xx_hal_msp.o
                0x0000000008001000                HAL_TIM_MspPostInit
 .text.NMI_Handler
                0x0000000008001050        0x2 build/stm32f1xx_it.o
                0x0000000008001050                NMI_Handler
 .text.HardFault_Handler
                0x0000000008001052        0x2 build/stm32f1xx_it.o
                0x0000000008001052                HardFault_Handler
 .text.MemManage_Handler
                0x0000000008001054        0x2 build/stm32f1xx_it.o
                0x0000000008001054                MemManage_Handler
 .text.BusFault_Handler
                0x0000000008001056        0x2 build/stm32f1xx_it.o
                0x0000000008001056                BusFault_Handler
 .text.UsageFault_Handler
                0x0000000008001058        0x2 build/stm32f1xx_it.o
                0x0000000008001058                UsageFault_Handler
 .text.SVC_Handler
                0x000000000800105a        0x2 build/stm32f1xx_it.o
                0x000000000800105a                SVC_Handler
 .text.DebugMon_Handler
                0x000000000800105c        0x2 build/stm32f1xx_it.o
                0x000000000800105c                DebugMon_Handler
 .text.PendSV_Handler
                0x000000000800105e        0x2 build/stm32f1xx_it.o
                0x000000000800105e                PendSV_Handler
 .text.SysTick_Handler
                0x0000000008001060       0x24 build/stm32f1xx_it.o
                0x0000000008001060                SysTick_Handler
 .text.USB_LP_CAN1_RX0_IRQHandler
                0x0000000008001084       0x10 build/stm32f1xx_it.o
                0x0000000008001084                USB_LP_CAN1_RX0_IRQHandler
 .text.TIM1_UP_IRQHandler
                0x0000000008001094       0x10 build/stm32f1xx_it.o
                0x0000000008001094                TIM1_UP_IRQHandler
 .text.TIM1_CC_IRQHandler
                0x00000000080010a4       0x14 build/stm32f1xx_it.o
                0x00000000080010a4                TIM1_CC_IRQHandler
 .text.SystemInit
                0x00000000080010b8        0x2 build/system_stm32f1xx.o
                0x00000000080010b8                SystemInit
 *fill*         0x00000000080010ba        0x2 
 .text.HAL_InitTick
                0x00000000080010bc       0x4c build/stm32f1xx_hal.o
                0x00000000080010bc                HAL_InitTick
 .text.HAL_Init
                0x0000000008001108       0x24 build/stm32f1xx_hal.o
                0x0000000008001108                HAL_Init
 .text.HAL_IncTick
                0x000000000800112c       0x18 build/stm32f1xx_hal.o
                0x000000000800112c                HAL_IncTick
 .text.HAL_GetTick
                0x0000000008001144        0xc build/stm32f1xx_hal.o
                0x0000000008001144                HAL_GetTick
 .text.HAL_Delay
                0x0000000008001150       0x28 build/stm32f1xx_hal.o
                0x0000000008001150                HAL_Delay
 .text.HAL_CAN_TxMailbox0CompleteCallback
                0x0000000008001178        0x2 build/stm32f1xx_hal_can.o
                0x0000000008001178                HAL_CAN_TxMailbox0CompleteCallback
 .text.HAL_CAN_TxMailbox1CompleteCallback
                0x000000000800117a        0x2 build/stm32f1xx_hal_can.o
                0x000000000800117a                HAL_CAN_TxMailbox1CompleteCallback
 .text.HAL_CAN_TxMailbox2CompleteCallback
                0x000000000800117c        0x2 build/stm32f1xx_hal_can.o
                0x000000000800117c                HAL_CAN_TxMailbox2CompleteCallback
 .text.HAL_CAN_TxMailbox0AbortCallback
                0x000000000800117e        0x2 build/stm32f1xx_hal_can.o
                0x000000000800117e                HAL_CAN_TxMailbox0AbortCallback
 .text.HAL_CAN_TxMailbox1AbortCallback
                0x0000000008001180        0x2 build/stm32f1xx_hal_can.o
                0x0000000008001180                HAL_CAN_TxMailbox1AbortCallback
 .text.HAL_CAN_TxMailbox2AbortCallback
                0x0000000008001182        0x2 build/stm32f1xx_hal_can.o
                0x0000000008001182                HAL_CAN_TxMailbox2AbortCallback
 .text.HAL_CAN_RxFifo0MsgPendingCallback
                0x0000000008001184        0x2 build/stm32f1xx_hal_can.o
                0x0000000008001184                HAL_CAN_RxFifo0MsgPendingCallback
 .text.HAL_CAN_RxFifo0FullCallback
                0x0000000008001186        0x2 build/stm32f1xx_hal_can.o
                0x0000000008001186                HAL_CAN_RxFifo0FullCallback
 .text.HAL_CAN_RxFifo1MsgPendingCallback
                0x0000000008001188        0x2 build/stm32f1xx_hal_can.o
                0x0000000008001188                HAL_CAN_RxFifo1MsgPendingCallback
 .text.HAL_CAN_RxFifo1FullCallback
                0x000000000800118a        0x2 build/stm32f1xx_hal_can.o
                0x000000000800118a                HAL_CAN_RxFifo1FullCallback
 .text.HAL_CAN_SleepCallback
                0x000000000800118c        0x2 build/stm32f1xx_hal_can.o
                0x000000000800118c                HAL_CAN_SleepCallback
 .text.HAL_CAN_WakeUpFromRxMsgCallback
                0x000000000800118e        0x2 build/stm32f1xx_hal_can.o
                0x000000000800118e                HAL_CAN_WakeUpFromRxMsgCallback
 .text.HAL_CAN_ErrorCallback
                0x0000000008001190        0x2 build/stm32f1xx_hal_can.o
                0x0000000008001190                HAL_CAN_ErrorCallback
 *fill*         0x0000000008001192        0x2 
 .text.HAL_CAN_Init
                0x0000000008001194      0x1c4 build/stm32f1xx_hal_can.o
                0x0000000008001194                HAL_CAN_Init
 .text.HAL_CAN_IRQHandler
                0x0000000008001358      0x23a build/stm32f1xx_hal_can.o
                0x0000000008001358                HAL_CAN_IRQHandler
 *fill*         0x0000000008001592        0x2 
 .text.HAL_NVIC_SetPriorityGrouping
                0x0000000008001594       0x24 build/stm32f1xx_hal_cortex.o
                0x0000000008001594                HAL_NVIC_SetPriorityGrouping
 .text.HAL_NVIC_SetPriority
                0x00000000080015b8       0x70 build/stm32f1xx_hal_cortex.o
                0x00000000080015b8                HAL_NVIC_SetPriority
 .text.HAL_NVIC_EnableIRQ
                0x0000000008001628       0x1c build/stm32f1xx_hal_cortex.o
                0x0000000008001628                HAL_NVIC_EnableIRQ
 .text.HAL_SYSTICK_Config
                0x0000000008001644       0x28 build/stm32f1xx_hal_cortex.o
                0x0000000008001644                HAL_SYSTICK_Config
 .text.HAL_GPIO_Init
                0x000000000800166c      0x224 build/stm32f1xx_hal_gpio.o
                0x000000000800166c                HAL_GPIO_Init
 .text.HAL_GPIO_ReadPin
                0x0000000008001890        0xe build/stm32f1xx_hal_gpio.o
                0x0000000008001890                HAL_GPIO_ReadPin
 .text.HAL_GPIO_WritePin
                0x000000000800189e        0xc build/stm32f1xx_hal_gpio.o
                0x000000000800189e                HAL_GPIO_WritePin
 .text.HAL_GPIO_TogglePin
                0x00000000080018aa       0x12 build/stm32f1xx_hal_gpio.o
                0x00000000080018aa                HAL_GPIO_TogglePin
 .text.RCC_Delay
                0x00000000080018bc       0x2c build/stm32f1xx_hal_rcc.o
 .text.HAL_RCC_OscConfig
                0x00000000080018e8      0x410 build/stm32f1xx_hal_rcc.o
                0x00000000080018e8                HAL_RCC_OscConfig
 .text.HAL_RCC_GetSysClockFreq
                0x0000000008001cf8       0x70 build/stm32f1xx_hal_rcc.o
                0x0000000008001cf8                HAL_RCC_GetSysClockFreq
 .text.HAL_RCC_ClockConfig
                0x0000000008001d68      0x16c build/stm32f1xx_hal_rcc.o
                0x0000000008001d68                HAL_RCC_ClockConfig
 .text.TIM_OC1_SetConfig
                0x0000000008001ed4       0x5c build/stm32f1xx_hal_tim.o
 .text.TIM_OC3_SetConfig
                0x0000000008001f30       0x64 build/stm32f1xx_hal_tim.o
 .text.TIM_OC4_SetConfig
                0x0000000008001f94       0x48 build/stm32f1xx_hal_tim.o
 .text.TIM_TI1_ConfigInputStage
                0x0000000008001fdc       0x24 build/stm32f1xx_hal_tim.o
 .text.TIM_TI2_ConfigInputStage
                0x0000000008002000       0x26 build/stm32f1xx_hal_tim.o
 .text.TIM_ITRx_SetConfig
                0x0000000008002026       0x10 build/stm32f1xx_hal_tim.o
 .text.HAL_TIM_PWM_MspInit
                0x0000000008002036        0x2 build/stm32f1xx_hal_tim.o
                0x0000000008002036                HAL_TIM_PWM_MspInit
 .text.HAL_TIM_PeriodElapsedCallback
                0x0000000008002038        0x2 build/stm32f1xx_hal_tim.o
                0x0000000008002038                HAL_TIM_PeriodElapsedCallback
 .text.HAL_TIM_OC_DelayElapsedCallback
                0x000000000800203a        0x2 build/stm32f1xx_hal_tim.o
                0x000000000800203a                HAL_TIM_OC_DelayElapsedCallback
 .text.HAL_TIM_IC_CaptureCallback
                0x000000000800203c        0x2 build/stm32f1xx_hal_tim.o
                0x000000000800203c                HAL_TIM_IC_CaptureCallback
 .text.HAL_TIM_PWM_PulseFinishedCallback
                0x000000000800203e        0x2 build/stm32f1xx_hal_tim.o
                0x000000000800203e                HAL_TIM_PWM_PulseFinishedCallback
 .text.HAL_TIM_TriggerCallback
                0x0000000008002040        0x2 build/stm32f1xx_hal_tim.o
                0x0000000008002040                HAL_TIM_TriggerCallback
 .text.HAL_TIM_IRQHandler
                0x0000000008002042      0x17a build/stm32f1xx_hal_tim.o
                0x0000000008002042                HAL_TIM_IRQHandler
 .text.TIM_Base_SetConfig
                0x00000000080021bc       0x74 build/stm32f1xx_hal_tim.o
                0x00000000080021bc                TIM_Base_SetConfig
 .text.HAL_TIM_Base_Init
                0x0000000008002230       0x58 build/stm32f1xx_hal_tim.o
                0x0000000008002230                HAL_TIM_Base_Init
 .text.HAL_TIM_PWM_Init
                0x0000000008002288       0x58 build/stm32f1xx_hal_tim.o
                0x0000000008002288                HAL_TIM_PWM_Init
 .text.TIM_OC2_SetConfig
                0x00000000080022e0       0x64 build/stm32f1xx_hal_tim.o
                0x00000000080022e0                TIM_OC2_SetConfig
 .text.HAL_TIM_PWM_ConfigChannel
                0x0000000008002344       0xd0 build/stm32f1xx_hal_tim.o
                0x0000000008002344                HAL_TIM_PWM_ConfigChannel
 .text.TIM_ETR_SetConfig
                0x0000000008002414       0x18 build/stm32f1xx_hal_tim.o
                0x0000000008002414                TIM_ETR_SetConfig
 .text.HAL_TIM_ConfigClockSource
                0x000000000800242c       0xda build/stm32f1xx_hal_tim.o
                0x000000000800242c                HAL_TIM_ConfigClockSource
 .text.TIM_CCxChannelCmd
                0x0000000008002506       0x1e build/stm32f1xx_hal_tim.o
                0x0000000008002506                TIM_CCxChannelCmd
 .text.HAL_TIM_PWM_Start_IT
                0x0000000008002524      0x120 build/stm32f1xx_hal_tim.o
                0x0000000008002524                HAL_TIM_PWM_Start_IT
 .text.HAL_TIM_PWM_Stop_IT
                0x0000000008002644       0xc8 build/stm32f1xx_hal_tim.o
                0x0000000008002644                HAL_TIM_PWM_Stop_IT
 .text.HAL_TIMEx_MasterConfigSynchronization
                0x000000000800270c       0x6c build/stm32f1xx_hal_tim_ex.o
                0x000000000800270c                HAL_TIMEx_MasterConfigSynchronization
 .text.HAL_TIMEx_ConfigBreakDeadTime
                0x0000000008002778       0x52 build/stm32f1xx_hal_tim_ex.o
                0x0000000008002778                HAL_TIMEx_ConfigBreakDeadTime
 .text.HAL_TIMEx_CommutCallback
                0x00000000080027ca        0x2 build/stm32f1xx_hal_tim_ex.o
                0x00000000080027ca                HAL_TIMEx_CommutCallback
 .text.HAL_TIMEx_BreakCallback
                0x00000000080027cc        0x2 build/stm32f1xx_hal_tim_ex.o
                0x00000000080027cc                HAL_TIMEx_BreakCallback
 *fill*         0x00000000080027ce        0x2 
 .text.Reset_Handler
                0x00000000080027d0       0x48 build/startup_stm32f103xb.o
                0x00000000080027d0                Reset_Handler
 .text.Default_Handler
                0x0000000008002818        0x2 build/startup_stm32f103xb.o
                0x0000000008002818                RTC_Alarm_IRQHandler
                0x0000000008002818                EXTI2_IRQHandler
                0x0000000008002818                PVD_IRQHandler
                0x0000000008002818                EXTI3_IRQHandler
                0x0000000008002818                EXTI0_IRQHandler
                0x0000000008002818                I2C2_EV_IRQHandler
                0x0000000008002818                ADC1_2_IRQHandler
                0x0000000008002818                SPI1_IRQHandler
                0x0000000008002818                TAMPER_IRQHandler
                0x0000000008002818                DMA1_Channel4_IRQHandler
                0x0000000008002818                USART3_IRQHandler
                0x0000000008002818                RTC_IRQHandler
                0x0000000008002818                DMA1_Channel7_IRQHandler
                0x0000000008002818                CAN1_RX1_IRQHandler
                0x0000000008002818                TIM4_IRQHandler
                0x0000000008002818                I2C1_EV_IRQHandler
                0x0000000008002818                DMA1_Channel6_IRQHandler
                0x0000000008002818                TIM3_IRQHandler
                0x0000000008002818                RCC_IRQHandler
                0x0000000008002818                TIM1_TRG_COM_IRQHandler
                0x0000000008002818                DMA1_Channel1_IRQHandler
                0x0000000008002818                Default_Handler
                0x0000000008002818                EXTI15_10_IRQHandler
                0x0000000008002818                EXTI9_5_IRQHandler
                0x0000000008002818                SPI2_IRQHandler
                0x0000000008002818                DMA1_Channel5_IRQHandler
                0x0000000008002818                EXTI4_IRQHandler
                0x0000000008002818                USB_HP_CAN1_TX_IRQHandler
                0x0000000008002818                DMA1_Channel3_IRQHandler
                0x0000000008002818                WWDG_IRQHandler
                0x0000000008002818                TIM2_IRQHandler
                0x0000000008002818                TIM1_BRK_IRQHandler
                0x0000000008002818                EXTI1_IRQHandler
                0x0000000008002818                USART2_IRQHandler
                0x0000000008002818                I2C2_ER_IRQHandler
                0x0000000008002818                DMA1_Channel2_IRQHandler
                0x0000000008002818                CAN1_SCE_IRQHandler
                0x0000000008002818                FLASH_IRQHandler
                0x0000000008002818                USART1_IRQHandler
                0x0000000008002818                I2C1_ER_IRQHandler
                0x0000000008002818                USBWakeUp_IRQHandler
 .text.memset   0x000000000800281a       0x10 /home/jack/.config/Code - OSS/User/globalStorage/bmd.stm32-for-vscode/@xpack-dev-tools/arm-none-eabi-gcc/11.3.1-1.1.2/.content/bin/../lib/gcc/arm-none-eabi/11.3.1/../../../../arm-none-eabi/lib/thumb/v7-m/nofp/libc_nano.a(libc_a-memset.o)
                0x000000000800281a                memset
 *fill*         0x000000000800282a        0x2 
 .text.__libc_init_array
                0x000000000800282c       0x48 /home/jack/.config/Code - OSS/User/globalStorage/bmd.stm32-for-vscode/@xpack-dev-tools/arm-none-eabi-gcc/11.3.1-1.1.2/.content/bin/../lib/gcc/arm-none-eabi/11.3.1/../../../../arm-none-eabi/lib/thumb/v7-m/nofp/libc_nano.a(libc_a-init.o)
                0x000000000800282c                __libc_init_array
 .text.__udivmoddi4
                0x0000000008002874      0x2cc /home/jack/.config/Code - OSS/User/globalStorage/bmd.stm32-for-vscode/@xpack-dev-tools/arm-none-eabi-gcc/11.3.1-1.1.2/.content/bin/../lib/gcc/arm-none-eabi/11.3.1/thumb/v7-m/nofp/libgcc.a(_udivmoddi4.o)
                0x0000000008002874                __udivmoddi4
 *(.glue_7)
 .glue_7        0x0000000008002b40        0x0 linker stubs
 *(.glue_7t)
 .glue_7t       0x0000000008002b40        0x0 linker stubs
 *(.eh_frame)
 .eh_frame      0x0000000008002b40        0x0 /home/jack/.config/Code - OSS/User/globalStorage/bmd.stm32-for-vscode/@xpack-dev-tools/arm-none-eabi-gcc/11.3.1-1.1.2/.content/bin/../lib/gcc/arm-none-eabi/11.3.1/thumb/v7-m/nofp/crtbegin.o
 *(.init)
 .init          0x0000000008002b40        0x4 /home/jack/.config/Code - OSS/User/globalStorage/bmd.stm32-for-vscode/@xpack-dev-tools/arm-none-eabi-gcc/11.3.1-1.1.2/.content/bin/../lib/gcc/arm-none-eabi/11.3.1/thumb/v7-m/nofp/crti.o
                0x0000000008002b40                _init
 .init          0x0000000008002b44        0x8 /home/jack/.config/Code - OSS/User/globalStorage/bmd.stm32-for-vscode/@xpack-dev-tools/arm-none-eabi-gcc/11.3.1-1.1.2/.content/bin/../lib/gcc/arm-none-eabi/11.3.1/thumb/v7-m/nofp/crtn.o
 *(.fini)
 .fini          0x0000000008002b4c        0x4 /home/jack/.config/Code - OSS/User/globalStorage/bmd.stm32-for-vscode/@xpack-dev-tools/arm-none-eabi-gcc/11.3.1-1.1.2/.content/bin/../lib/gcc/arm-none-eabi/11.3.1/thumb/v7-m/nofp/crti.o
                0x0000000008002b4c                _fini
 .fini          0x0000000008002b50        0x8 /home/jack/.config/Code - OSS/User/globalStorage/bmd.stm32-for-vscode/@xpack-dev-tools/arm-none-eabi-gcc/11.3.1-1.1.2/.content/bin/../lib/gcc/arm-none-eabi/11.3.1/thumb/v7-m/nofp/crtn.o
                0x0000000008002b58                . = ALIGN (0x4)
                0x0000000008002b58                _etext = .

.vfp11_veneer   0x0000000008002b58        0x0
 .vfp11_veneer  0x0000000008002b58        0x0 linker stubs

.v4_bx          0x0000000008002b58        0x0
 .v4_bx         0x0000000008002b58        0x0 linker stubs

.iplt           0x0000000008002b58        0x0
 .iplt          0x0000000008002b58        0x0 /home/jack/.config/Code - OSS/User/globalStorage/bmd.stm32-for-vscode/@xpack-dev-tools/arm-none-eabi-gcc/11.3.1-1.1.2/.content/bin/../lib/gcc/arm-none-eabi/11.3.1/thumb/v7-m/nofp/crtbegin.o

.rodata         0x0000000008002b58       0x30
                0x0000000008002b58                . = ALIGN (0x4)
 *(.rodata)
 *(.rodata*)
 .rodata.segment_map
                0x0000000008002b58        0xa build/segment.o
                0x0000000008002b58                segment_map
 *fill*         0x0000000008002b62        0x2 
 .rodata.AHBPrescTable
                0x0000000008002b64       0x10 build/system_stm32f1xx.o
                0x0000000008002b64                AHBPrescTable
 .rodata.HAL_RCC_GetSysClockFreq.str1.4
                0x0000000008002b74       0x11 build/stm32f1xx_hal_rcc.o
                0x0000000008002b88                . = ALIGN (0x4)
 *fill*         0x0000000008002b85        0x3 

.ARM.extab
 *(.ARM.extab* .gnu.linkonce.armextab.*)

.ARM            0x0000000008002b88        0x8
                0x0000000008002b88                __exidx_start = .
 *(.ARM.exidx*)
 .ARM.exidx.text.__udivmoddi4
                0x0000000008002b88        0x8 /home/jack/.config/Code - OSS/User/globalStorage/bmd.stm32-for-vscode/@xpack-dev-tools/arm-none-eabi-gcc/11.3.1-1.1.2/.content/bin/../lib/gcc/arm-none-eabi/11.3.1/thumb/v7-m/nofp/libgcc.a(_udivmoddi4.o)
                0x0000000008002b90                __exidx_end = .

.rel.dyn        0x0000000008002b90        0x0
 .rel.iplt      0x0000000008002b90        0x0 /home/jack/.config/Code - OSS/User/globalStorage/bmd.stm32-for-vscode/@xpack-dev-tools/arm-none-eabi-gcc/11.3.1-1.1.2/.content/bin/../lib/gcc/arm-none-eabi/11.3.1/thumb/v7-m/nofp/crtbegin.o

.preinit_array  0x0000000008002b90        0x0
                0x0000000008002b90                PROVIDE (__preinit_array_start = .)
 *(.preinit_array*)
                0x0000000008002b90                PROVIDE (__preinit_array_end = .)

.init_array     0x0000000008002b90        0x4
                0x0000000008002b90                PROVIDE (__init_array_start = .)
 *(SORT_BY_NAME(.init_array.*))
 *(.init_array*)
 .init_array    0x0000000008002b90        0x4 /home/jack/.config/Code - OSS/User/globalStorage/bmd.stm32-for-vscode/@xpack-dev-tools/arm-none-eabi-gcc/11.3.1-1.1.2/.content/bin/../lib/gcc/arm-none-eabi/11.3.1/thumb/v7-m/nofp/crtbegin.o
                0x0000000008002b94                PROVIDE (__init_array_end = .)

.fini_array     0x0000000008002b94        0x4
                0x0000000008002b94                PROVIDE (__fini_array_start = .)
 *(SORT_BY_NAME(.fini_array.*))
 *(.fini_array*)
 .fini_array    0x0000000008002b94        0x4 /home/jack/.config/Code - OSS/User/globalStorage/bmd.stm32-for-vscode/@xpack-dev-tools/arm-none-eabi-gcc/11.3.1-1.1.2/.content/bin/../lib/gcc/arm-none-eabi/11.3.1/thumb/v7-m/nofp/crtbegin.o
                0x0000000008002b98                PROVIDE (__fini_array_end = .)
                0x0000000008002b98                _sidata = LOADADDR (.data)

.data           0x0000000020000000       0x6c load address 0x0000000008002b98
                0x0000000020000000                . = ALIGN (0x4)
                0x0000000020000000                _sdata = .
 *(.data)
 *(.data*)
 .data.digit_pins
                0x0000000020000000       0x20 build/segment.o
                0x0000000020000000                digit_pins
 .data.segment_pins
                0x0000000020000020       0x40 build/segment.o
                0x0000000020000020                segment_pins
 .data.SystemCoreClock
                0x0000000020000060        0x4 build/system_stm32f1xx.o
                0x0000000020000060                SystemCoreClock
 .data.uwTickFreq
                0x0000000020000064        0x1 build/stm32f1xx_hal.o
                0x0000000020000064                uwTickFreq
 *fill*         0x0000000020000065        0x3 
 .data.uwTickPrio
                0x0000000020000068        0x4 build/stm32f1xx_hal.o
                0x0000000020000068                uwTickPrio
                0x000000002000006c                . = ALIGN (0x4)
                0x000000002000006c                _edata = .

.igot.plt       0x000000002000006c        0x0 load address 0x0000000008002c04
 .igot.plt      0x000000002000006c        0x0 /home/jack/.config/Code - OSS/User/globalStorage/bmd.stm32-for-vscode/@xpack-dev-tools/arm-none-eabi-gcc/11.3.1-1.1.2/.content/bin/../lib/gcc/arm-none-eabi/11.3.1/thumb/v7-m/nofp/crtbegin.o
                0x000000002000006c                . = ALIGN (0x4)

.bss            0x000000002000006c      0x108 load address 0x0000000008002c04
                0x000000002000006c                _sbss = .
                0x000000002000006c                __bss_start__ = _sbss
 *(.bss)
 *(.bss*)
 .bss.completed.1
                0x000000002000006c        0x1 /home/jack/.config/Code - OSS/User/globalStorage/bmd.stm32-for-vscode/@xpack-dev-tools/arm-none-eabi-gcc/11.3.1-1.1.2/.content/bin/../lib/gcc/arm-none-eabi/11.3.1/thumb/v7-m/nofp/crtbegin.o
 *fill*         0x000000002000006d        0x3 
 .bss.object.0  0x0000000020000070       0x18 /home/jack/.config/Code - OSS/User/globalStorage/bmd.stm32-for-vscode/@xpack-dev-tools/arm-none-eabi-gcc/11.3.1-1.1.2/.content/bin/../lib/gcc/arm-none-eabi/11.3.1/thumb/v7-m/nofp/crtbegin.o
 .bss.hcan      0x0000000020000088       0x64 build/main.o
                0x0000000020000088                hcan
 .bss.htim1     0x00000000200000ec       0x48 build/main.o
                0x00000000200000ec                htim1
 .bss.load_cell
                0x0000000020000134       0x18 build/main.o
                0x0000000020000134                load_cell
 .bss.ready     0x000000002000014c        0x1 build/main.o
                0x000000002000014c                ready
 .bss.current_seg
                0x000000002000014d        0x1 build/segment.o
                0x000000002000014d                current_seg
 *fill*         0x000000002000014e        0x2 
 .bss.segments  0x0000000020000150        0x4 build/segment.o
                0x0000000020000150                segments
 .bss.direction
                0x0000000020000154        0x1 build/stepper.o
                0x0000000020000154                direction
 *fill*         0x0000000020000155        0x3 
 .bss.last_update_tick
                0x0000000020000158        0x4 build/stepper.o
                0x0000000020000158                last_update_tick
 .bss.moving    0x000000002000015c        0x1 build/stepper.o
                0x000000002000015c                moving
 *fill*         0x000000002000015d        0x3 
 .bss.pos_target
                0x0000000020000160        0x4 build/stepper.o
                0x0000000020000160                pos_target
 .bss.position  0x0000000020000164        0x4 build/stepper.o
                0x0000000020000164                position
 .bss.speed     0x0000000020000168        0x4 build/stepper.o
                0x0000000020000168                speed
 .bss.rpm       0x000000002000016c        0x4 build/stm32f1xx_it.o
                0x000000002000016c                rpm
 .bss.uwTick    0x0000000020000170        0x4 build/stm32f1xx_hal.o
                0x0000000020000170                uwTick
 *(COMMON)
                0x0000000020000174                . = ALIGN (0x4)
                0x0000000020000174                _ebss = .
                0x0000000020000174                __bss_end__ = _ebss

._user_heap_stack
                0x0000000020000174      0x604 load address 0x0000000008002c04
                0x0000000020000178                . = ALIGN (0x8)
 *fill*         0x0000000020000174        0x4 
                0x0000000020000178                PROVIDE (end = .)
                [!provide]                        PROVIDE (_end = .)
                0x0000000020000378                . = (. + _Min_Heap_Size)
 *fill*         0x0000000020000178      0x200 
                0x0000000020000778                . = (. + _Min_Stack_Size)
 *fill*         0x0000000020000378      0x400 
                0x0000000020000778                . = ALIGN (0x8)

/DISCARD/
 libc.a(*)
 libm.a(*)
 libgcc.a(*)

.ARM.attributes
                0x0000000000000000       0x29
 *(.ARM.attributes)
 .ARM.attributes
                0x0000000000000000       0x1d /home/jack/.config/Code - OSS/User/globalStorage/bmd.stm32-for-vscode/@xpack-dev-tools/arm-none-eabi-gcc/11.3.1-1.1.2/.content/bin/../lib/gcc/arm-none-eabi/11.3.1/thumb/v7-m/nofp/crti.o
 .ARM.attributes
                0x000000000000001d       0x2d /home/jack/.config/Code - OSS/User/globalStorage/bmd.stm32-for-vscode/@xpack-dev-tools/arm-none-eabi-gcc/11.3.1-1.1.2/.content/bin/../lib/gcc/arm-none-eabi/11.3.1/thumb/v7-m/nofp/crtbegin.o
 .ARM.attributes
                0x000000000000004a       0x2d build/hx711.o
 .ARM.attributes
                0x0000000000000077       0x2d build/main.o
 .ARM.attributes
                0x00000000000000a4       0x2d build/segment.o
 .ARM.attributes
                0x00000000000000d1       0x2d build/stepper.o
 .ARM.attributes
                0x00000000000000fe       0x2d build/stm32f1xx_hal_msp.o
 .ARM.attributes
                0x000000000000012b       0x2d build/stm32f1xx_it.o
 .ARM.attributes
                0x0000000000000158       0x2d build/system_stm32f1xx.o
 .ARM.attributes
                0x0000000000000185       0x2d build/stm32f1xx_hal.o
 .ARM.attributes
                0x00000000000001b2       0x2d build/stm32f1xx_hal_can.o
 .ARM.attributes
                0x00000000000001df       0x2d build/stm32f1xx_hal_cortex.o
 .ARM.attributes
                0x000000000000020c       0x2d build/stm32f1xx_hal_gpio.o
 .ARM.attributes
                0x0000000000000239       0x2d build/stm32f1xx_hal_rcc.o
 .ARM.attributes
                0x0000000000000266       0x2d build/stm32f1xx_hal_tim.o
 .ARM.attributes
                0x0000000000000293       0x2d build/stm32f1xx_hal_tim_ex.o
 .ARM.attributes
                0x00000000000002c0       0x21 build/startup_stm32f103xb.o
 .ARM.attributes
                0x00000000000002e1       0x2d /home/jack/.config/Code - OSS/User/globalStorage/bmd.stm32-for-vscode/@xpack-dev-tools/arm-none-eabi-gcc/11.3.1-1.1.2/.content/bin/../lib/gcc/arm-none-eabi/11.3.1/../../../../arm-none-eabi/lib/thumb/v7-m/nofp/libc_nano.a(libc_a-memset.o)
 .ARM.attributes
                0x000000000000030e       0x2d /home/jack/.config/Code - OSS/User/globalStorage/bmd.stm32-for-vscode/@xpack-dev-tools/arm-none-eabi-gcc/11.3.1-1.1.2/.content/bin/../lib/gcc/arm-none-eabi/11.3.1/../../../../arm-none-eabi/lib/thumb/v7-m/nofp/libc_nano.a(libc_a-init.o)
 .ARM.attributes
                0x000000000000033b       0x1d /home/jack/.config/Code - OSS/User/globalStorage/bmd.stm32-for-vscode/@xpack-dev-tools/arm-none-eabi-gcc/11.3.1-1.1.2/.content/bin/../lib/gcc/arm-none-eabi/11.3.1/thumb/v7-m/nofp/libgcc.a(_arm_addsubsf3.o)
 .ARM.attributes
                0x0000000000000358       0x1d /home/jack/.config/Code - OSS/User/globalStorage/bmd.stm32-for-vscode/@xpack-dev-tools/arm-none-eabi-gcc/11.3.1-1.1.2/.content/bin/../lib/gcc/arm-none-eabi/11.3.1/thumb/v7-m/nofp/libgcc.a(_arm_muldivsf3.o)
 .ARM.attributes
                0x0000000000000375       0x1d /home/jack/.config/Code - OSS/User/globalStorage/bmd.stm32-for-vscode/@xpack-dev-tools/arm-none-eabi-gcc/11.3.1-1.1.2/.content/bin/../lib/gcc/arm-none-eabi/11.3.1/thumb/v7-m/nofp/libgcc.a(_arm_fixunssfsi.o)
 .ARM.attributes
                0x0000000000000392       0x1d /home/jack/.config/Code - OSS/User/globalStorage/bmd.stm32-for-vscode/@xpack-dev-tools/arm-none-eabi-gcc/11.3.1-1.1.2/.content/bin/../lib/gcc/arm-none-eabi/11.3.1/thumb/v7-m/nofp/libgcc.a(_aeabi_ldivmod.o)
 .ARM.attributes
                0x00000000000003af       0x2d /home/jack/.config/Code - OSS/User/globalStorage/bmd.stm32-for-vscode/@xpack-dev-tools/arm-none-eabi-gcc/11.3.1-1.1.2/.content/bin/../lib/gcc/arm-none-eabi/11.3.1/thumb/v7-m/nofp/libgcc.a(_udivmoddi4.o)
 .ARM.attributes
                0x00000000000003dc       0x1d /home/jack/.config/Code - OSS/User/globalStorage/bmd.stm32-for-vscode/@xpack-dev-tools/arm-none-eabi-gcc/11.3.1-1.1.2/.content/bin/../lib/gcc/arm-none-eabi/11.3.1/thumb/v7-m/nofp/libgcc.a(_dvmd_tls.o)
 .ARM.attributes
                0x00000000000003f9       0x1d /home/jack/.config/Code - OSS/User/globalStorage/bmd.stm32-for-vscode/@xpack-dev-tools/arm-none-eabi-gcc/11.3.1-1.1.2/.content/bin/../lib/gcc/arm-none-eabi/11.3.1/thumb/v7-m/nofp/crtn.o
OUTPUT(build/Dyno.elf elf32-littlearm)
LOAD linker stubs
LOAD /home/jack/.config/Code - OSS/User/globalStorage/bmd.stm32-for-vscode/@xpack-dev-tools/arm-none-eabi-gcc/11.3.1-1.1.2/.content/bin/../lib/gcc/arm-none-eabi/11.3.1/../../../../arm-none-eabi/lib/thumb/v7-m/nofp/libc.a
LOAD /home/jack/.config/Code - OSS/User/globalStorage/bmd.stm32-for-vscode/@xpack-dev-tools/arm-none-eabi-gcc/11.3.1-1.1.2/.content/bin/../lib/gcc/arm-none-eabi/11.3.1/../../../../arm-none-eabi/lib/thumb/v7-m/nofp/libm.a
LOAD /home/jack/.config/Code - OSS/User/globalStorage/bmd.stm32-for-vscode/@xpack-dev-tools/arm-none-eabi-gcc/11.3.1-1.1.2/.content/bin/../lib/gcc/arm-none-eabi/11.3.1/thumb/v7-m/nofp/libgcc.a

.comment        0x0000000000000000       0x39
 .comment       0x0000000000000000       0x39 /home/jack/.config/Code - OSS/User/globalStorage/bmd.stm32-for-vscode/@xpack-dev-tools/arm-none-eabi-gcc/11.3.1-1.1.2/.content/bin/../lib/gcc/arm-none-eabi/11.3.1/thumb/v7-m/nofp/crtbegin.o
                                         0x3a (size before relaxing)
 .comment       0x0000000000000039       0x3a build/hx711.o
 .comment       0x0000000000000039       0x3a build/main.o
 .comment       0x0000000000000039       0x3a build/segment.o
 .comment       0x0000000000000039       0x3a build/stepper.o
 .comment       0x0000000000000039       0x3a build/stm32f1xx_hal_msp.o
 .comment       0x0000000000000039       0x3a build/stm32f1xx_it.o
 .comment       0x0000000000000039       0x3a build/system_stm32f1xx.o
 .comment       0x0000000000000039       0x3a build/stm32f1xx_hal.o
 .comment       0x0000000000000039       0x3a build/stm32f1xx_hal_can.o
 .comment       0x0000000000000039       0x3a build/stm32f1xx_hal_cortex.o
 .comment       0x0000000000000039       0x3a build/stm32f1xx_hal_gpio.o
 .comment       0x0000000000000039       0x3a build/stm32f1xx_hal_rcc.o
 .comment       0x0000000000000039       0x3a build/stm32f1xx_hal_tim.o
 .comment       0x0000000000000039       0x3a build/stm32f1xx_hal_tim_ex.o
 .comment       0x0000000000000039       0x3a /home/jack/.config/Code - OSS/User/globalStorage/bmd.stm32-for-vscode/@xpack-dev-tools/arm-none-eabi-gcc/11.3.1-1.1.2/.content/bin/../lib/gcc/arm-none-eabi/11.3.1/../../../../arm-none-eabi/lib/thumb/v7-m/nofp/libc_nano.a(libc_a-memset.o)
 .comment       0x0000000000000039       0x3a /home/jack/.config/Code - OSS/User/globalStorage/bmd.stm32-for-vscode/@xpack-dev-tools/arm-none-eabi-gcc/11.3.1-1.1.2/.content/bin/../lib/gcc/arm-none-eabi/11.3.1/../../../../arm-none-eabi/lib/thumb/v7-m/nofp/libc_nano.a(libc_a-init.o)
 .comment       0x0000000000000039       0x3a /home/jack/.config/Code - OSS/User/globalStorage/bmd.stm32-for-vscode/@xpack-dev-tools/arm-none-eabi-gcc/11.3.1-1.1.2/.content/bin/../lib/gcc/arm-none-eabi/11.3.1/thumb/v7-m/nofp/libgcc.a(_udivmoddi4.o)

.debug_info     0x0000000000000000     0xd728
 .debug_info    0x0000000000000000      0x982 build/hx711.o
 .debug_info    0x0000000000000982     0x172d build/main.o
 .debug_info    0x00000000000020af      0x312 build/segment.o
 .debug_info    0x00000000000023c1      0x9d1 build/stepper.o
 .debug_info    0x0000000000002d92     0x1109 build/stm32f1xx_hal_msp.o
 .debug_info    0x0000000000003e9b      0xbdd build/stm32f1xx_it.o
 .debug_info    0x0000000000004a78      0x22d build/system_stm32f1xx.o
 .debug_info    0x0000000000004ca5      0x7a2 build/stm32f1xx_hal.o
 .debug_info    0x0000000000005447     0x13a8 build/stm32f1xx_hal_can.o
 .debug_info    0x00000000000067ef      0xcc5 build/stm32f1xx_hal_cortex.o
 .debug_info    0x00000000000074b4      0x604 build/stm32f1xx_hal_gpio.o
 .debug_info    0x0000000000007ab8      0x9e0 build/stm32f1xx_hal_rcc.o
 .debug_info    0x0000000000008498     0x38fb build/stm32f1xx_hal_tim.o
 .debug_info    0x000000000000bd93     0x1972 build/stm32f1xx_hal_tim_ex.o
 .debug_info    0x000000000000d705       0x23 build/startup_stm32f103xb.o

.debug_abbrev   0x0000000000000000     0x20c4
 .debug_abbrev  0x0000000000000000      0x213 build/hx711.o
 .debug_abbrev  0x0000000000000213      0x37b build/main.o
 .debug_abbrev  0x000000000000058e      0x1cc build/segment.o
 .debug_abbrev  0x000000000000075a      0x24e build/stepper.o
 .debug_abbrev  0x00000000000009a8      0x24d build/stm32f1xx_hal_msp.o
 .debug_abbrev  0x0000000000000bf5      0x231 build/stm32f1xx_it.o
 .debug_abbrev  0x0000000000000e26      0x143 build/system_stm32f1xx.o
 .debug_abbrev  0x0000000000000f69      0x22d build/stm32f1xx_hal.o
 .debug_abbrev  0x0000000000001196      0x26f build/stm32f1xx_hal_can.o
 .debug_abbrev  0x0000000000001405      0x348 build/stm32f1xx_hal_cortex.o
 .debug_abbrev  0x000000000000174d      0x1f7 build/stm32f1xx_hal_gpio.o
 .debug_abbrev  0x0000000000001944      0x29e build/stm32f1xx_hal_rcc.o
 .debug_abbrev  0x0000000000001be2      0x269 build/stm32f1xx_hal_tim.o
 .debug_abbrev  0x0000000000001e4b      0x267 build/stm32f1xx_hal_tim_ex.o
 .debug_abbrev  0x00000000000020b2       0x12 build/startup_stm32f103xb.o

.debug_loclists
                0x0000000000000000     0x59dc
 .debug_loclists
                0x0000000000000000      0x2a2 build/hx711.o
 .debug_loclists
                0x00000000000002a2       0x17 build/main.o
 .debug_loclists
                0x00000000000002b9       0x7d build/segment.o
 .debug_loclists
                0x0000000000000336       0xce build/stepper.o
 .debug_loclists
                0x0000000000000404       0xf0 build/stm32f1xx_hal_msp.o
 .debug_loclists
                0x00000000000004f4       0xa5 build/system_stm32f1xx.o
 .debug_loclists
                0x0000000000000599       0xc9 build/stm32f1xx_hal.o
 .debug_loclists
                0x0000000000000662      0x96a build/stm32f1xx_hal_can.o
 .debug_loclists
                0x0000000000000fcc      0x4c4 build/stm32f1xx_hal_cortex.o
 .debug_loclists
                0x0000000000001490      0x2ea build/stm32f1xx_hal_gpio.o
 .debug_loclists
                0x000000000000177a      0x40c build/stm32f1xx_hal_rcc.o
 .debug_loclists
                0x0000000000001b86     0x2d44 build/stm32f1xx_hal_tim.o
 .debug_loclists
                0x00000000000048ca     0x1112 build/stm32f1xx_hal_tim_ex.o

.debug_aranges  0x0000000000000000      0xb30
 .debug_aranges
                0x0000000000000000       0x80 build/hx711.o
 .debug_aranges
                0x0000000000000080       0x48 build/main.o
 .debug_aranges
                0x00000000000000c8       0x28 build/segment.o
 .debug_aranges
                0x00000000000000f0       0x58 build/stepper.o
 .debug_aranges
                0x0000000000000148       0x48 build/stm32f1xx_hal_msp.o
 .debug_aranges
                0x0000000000000190       0x78 build/stm32f1xx_it.o
 .debug_aranges
                0x0000000000000208       0x28 build/system_stm32f1xx.o
 .debug_aranges
                0x0000000000000230       0xe0 build/stm32f1xx_hal.o
 .debug_aranges
                0x0000000000000310      0x148 build/stm32f1xx_hal_can.o
 .debug_aranges
                0x0000000000000458       0x90 build/stm32f1xx_hal_cortex.o
 .debug_aranges
                0x00000000000004e8       0x58 build/stm32f1xx_hal_gpio.o
 .debug_aranges
                0x0000000000000540       0x90 build/stm32f1xx_hal_rcc.o
 .debug_aranges
                0x00000000000005d0      0x3d0 build/stm32f1xx_hal_tim.o
 .debug_aranges
                0x00000000000009a0      0x168 build/stm32f1xx_hal_tim_ex.o
 .debug_aranges
                0x0000000000000b08       0x28 build/startup_stm32f103xb.o

.debug_rnglists
                0x0000000000000000      0x8f3
 .debug_rnglists
                0x0000000000000000       0x81 build/hx711.o
 .debug_rnglists
                0x0000000000000081       0x40 build/main.o
 .debug_rnglists
                0x00000000000000c1       0x32 build/segment.o
 .debug_rnglists
                0x00000000000000f3       0x3f build/stepper.o
 .debug_rnglists
                0x0000000000000132       0x32 build/stm32f1xx_hal_msp.o
 .debug_rnglists
                0x0000000000000164       0x55 build/stm32f1xx_it.o
 .debug_rnglists
                0x00000000000001b9       0x1a build/system_stm32f1xx.o
 .debug_rnglists
                0x00000000000001d3       0xa3 build/stm32f1xx_hal.o
 .debug_rnglists
                0x0000000000000276       0xf8 build/stm32f1xx_hal_can.o
 .debug_rnglists
                0x000000000000036e       0x97 build/stm32f1xx_hal_cortex.o
 .debug_rnglists
                0x0000000000000405       0x3f build/stm32f1xx_hal_gpio.o
 .debug_rnglists
                0x0000000000000444       0x7d build/stm32f1xx_hal_rcc.o
 .debug_rnglists
                0x00000000000004c1      0x2fd build/stm32f1xx_hal_tim.o
 .debug_rnglists
                0x00000000000007be      0x11c build/stm32f1xx_hal_tim_ex.o
 .debug_rnglists
                0x00000000000008da       0x19 build/startup_stm32f103xb.o

.debug_line     0x0000000000000000     0xb7ff
 .debug_line    0x0000000000000000      0x575 build/hx711.o
 .debug_line    0x0000000000000575      0x6ed build/main.o
 .debug_line    0x0000000000000c62      0x2d0 build/segment.o
 .debug_line    0x0000000000000f32      0x4a4 build/stepper.o
 .debug_line    0x00000000000013d6      0x419 build/stm32f1xx_hal_msp.o
 .debug_line    0x00000000000017ef      0x3e5 build/stm32f1xx_it.o
 .debug_line    0x0000000000001bd4      0x2c2 build/system_stm32f1xx.o
 .debug_line    0x0000000000001e96      0x5aa build/stm32f1xx_hal.o
 .debug_line    0x0000000000002440     0x15fa build/stm32f1xx_hal_can.o
 .debug_line    0x0000000000003a3a      0x6b4 build/stm32f1xx_hal_cortex.o
 .debug_line    0x00000000000040ee      0x657 build/stm32f1xx_hal_gpio.o
 .debug_line    0x0000000000004745      0xca0 build/stm32f1xx_hal_rcc.o
 .debug_line    0x00000000000053e5     0x46d7 build/stm32f1xx_hal_tim.o
 .debug_line    0x0000000000009abc     0x1cd1 build/stm32f1xx_hal_tim_ex.o
 .debug_line    0x000000000000b78d       0x72 build/startup_stm32f103xb.o

.debug_str      0x0000000000000000     0x38aa
 .debug_str     0x0000000000000000      0x333 build/hx711.o
                                        0x3bd (size before relaxing)
 .debug_str     0x0000000000000333      0xbb3 build/main.o
                                        0xff1 (size before relaxing)
 .debug_str     0x0000000000000ee6       0x97 build/segment.o
                                        0x25a (size before relaxing)
 .debug_str     0x0000000000000f7d       0xe7 build/stepper.o
                                        0x7e5 (size before relaxing)
 .debug_str     0x0000000000001064      0x3d5 build/stm32f1xx_hal_msp.o
                                        0xe46 (size before relaxing)
 .debug_str     0x0000000000001439      0x11b build/stm32f1xx_it.o
                                        0xb09 (size before relaxing)
 .debug_str     0x0000000000001554       0x7b build/system_stm32f1xx.o
                                        0x213 (size before relaxing)
 .debug_str     0x00000000000015cf      0x2e3 build/stm32f1xx_hal.o
                                        0x7ed (size before relaxing)
 .debug_str     0x00000000000018b2      0x760 build/stm32f1xx_hal_can.o
                                        0xd69 (size before relaxing)
 .debug_str     0x0000000000002012      0x35f build/stm32f1xx_hal_cortex.o
                                        0x892 (size before relaxing)
 .debug_str     0x0000000000002371       0xe5 build/stm32f1xx_hal_gpio.o
                                        0x3bf (size before relaxing)
 .debug_str     0x0000000000002456      0x1dd build/stm32f1xx_hal_rcc.o
                                        0x5ea (size before relaxing)
 .debug_str     0x0000000000002633      0xdf3 build/stm32f1xx_hal_tim.o
                                       0x162d (size before relaxing)
 .debug_str     0x0000000000003426      0x462 build/stm32f1xx_hal_tim_ex.o
                                        0xe72 (size before relaxing)
 .debug_str     0x0000000000003888       0x22 build/startup_stm32f103xb.o
                                         0x36 (size before relaxing)

.debug_frame    0x0000000000000000     0x1c64
 .debug_frame   0x0000000000000000      0x15c build/hx711.o
 .debug_frame   0x000000000000015c       0xc0 build/main.o
 .debug_frame   0x000000000000021c       0x44 build/segment.o
 .debug_frame   0x0000000000000260       0xb8 build/stepper.o
 .debug_frame   0x0000000000000318       0xb4 build/stm32f1xx_hal_msp.o
 .debug_frame   0x00000000000003cc       0xf0 build/stm32f1xx_it.o
 .debug_frame   0x00000000000004bc       0x30 build/system_stm32f1xx.o
 .debug_frame   0x00000000000004ec      0x1cc build/stm32f1xx_hal.o
 .debug_frame   0x00000000000006b8      0x304 build/stm32f1xx_hal_can.o
 .debug_frame   0x00000000000009bc      0x118 build/stm32f1xx_hal_cortex.o
 .debug_frame   0x0000000000000ad4       0xe4 build/stm32f1xx_hal_gpio.o
 .debug_frame   0x0000000000000bb8      0x190 build/stm32f1xx_hal_rcc.o
 .debug_frame   0x0000000000000d48      0xb10 build/stm32f1xx_hal_tim.o
 .debug_frame   0x0000000000001858      0x40c build/stm32f1xx_hal_tim_ex.o

.debug_line_str
                0x0000000000000000       0x2a
 .debug_line_str
                0x0000000000000000       0x2a build/startup_stm32f103xb.o
                                         0x40 (size before relaxing)

Cross Reference Table

Symbol                                            File
ADC1_2_IRQHandler                                 build/startup_stm32f103xb.o
AHBPrescTable                                     build/system_stm32f1xx.o
                                                  build/stm32f1xx_hal_rcc.o
APBPrescTable                                     build/system_stm32f1xx.o
                                                  build/stm32f1xx_hal_rcc.o
BusFault_Handler                                  build/stm32f1xx_it.o
CAN1_RX1_IRQHandler                               build/startup_stm32f103xb.o
CAN1_SCE_IRQHandler                               build/startup_stm32f103xb.o
DMA1_Channel1_IRQHandler                          build/startup_stm32f103xb.o
DMA1_Channel2_IRQHandler                          build/startup_stm32f103xb.o
DMA1_Channel3_IRQHandler                          build/startup_stm32f103xb.o
DMA1_Channel4_IRQHandler                          build/startup_stm32f103xb.o
DMA1_Channel5_IRQHandler                          build/startup_stm32f103xb.o
DMA1_Channel6_IRQHandler                          build/startup_stm32f103xb.o
DMA1_Channel7_IRQHandler                          build/startup_stm32f103xb.o
DebugMon_Handler                                  build/stm32f1xx_it.o
Default_Handler                                   build/startup_stm32f103xb.o
EXTI0_IRQHandler                                  build/startup_stm32f103xb.o
EXTI15_10_IRQHandler                              build/startup_stm32f103xb.o
EXTI1_IRQHandler                                  build/startup_stm32f103xb.o
EXTI2_IRQHandler                                  build/startup_stm32f103xb.o
EXTI3_IRQHandler                                  build/startup_stm32f103xb.o
EXTI4_IRQHandler                                  build/startup_stm32f103xb.o
EXTI9_5_IRQHandler                                build/startup_stm32f103xb.o
Error_Handler                                     build/main.o
FLASH_IRQHandler                                  build/startup_stm32f103xb.o
FLASH_PageErase                                   build/stm32f1xx_hal_flash_ex.o
                                                  build/stm32f1xx_hal_flash.o
FLASH_WaitForLastOperation                        build/stm32f1xx_hal_flash.o
                                                  build/stm32f1xx_hal_flash_ex.o
HAL_CAN_AbortTxRequest                            build/stm32f1xx_hal_can.o
HAL_CAN_ActivateNotification                      build/stm32f1xx_hal_can.o
HAL_CAN_AddTxMessage                              build/stm32f1xx_hal_can.o
HAL_CAN_ConfigFilter                              build/stm32f1xx_hal_can.o
HAL_CAN_DeInit                                    build/stm32f1xx_hal_can.o
HAL_CAN_DeactivateNotification                    build/stm32f1xx_hal_can.o
HAL_CAN_ErrorCallback                             build/stm32f1xx_hal_can.o
HAL_CAN_GetError                                  build/stm32f1xx_hal_can.o
HAL_CAN_GetRxFifoFillLevel                        build/stm32f1xx_hal_can.o
HAL_CAN_GetRxMessage                              build/stm32f1xx_hal_can.o
HAL_CAN_GetState                                  build/stm32f1xx_hal_can.o
HAL_CAN_GetTxMailboxesFreeLevel                   build/stm32f1xx_hal_can.o
HAL_CAN_GetTxTimestamp                            build/stm32f1xx_hal_can.o
HAL_CAN_IRQHandler                                build/stm32f1xx_hal_can.o
                                                  build/stm32f1xx_it.o
HAL_CAN_Init                                      build/stm32f1xx_hal_can.o
                                                  build/main.o
HAL_CAN_IsSleepActive                             build/stm32f1xx_hal_can.o
HAL_CAN_IsTxMessagePending                        build/stm32f1xx_hal_can.o
HAL_CAN_MspDeInit                                 build/stm32f1xx_hal_msp.o
HAL_CAN_MspInit                                   build/stm32f1xx_hal_msp.o
HAL_CAN_RegisterCallback                          build/stm32f1xx_hal_can.o
HAL_CAN_RequestSleep                              build/stm32f1xx_hal_can.o
HAL_CAN_ResetError                                build/stm32f1xx_hal_can.o
HAL_CAN_RxFifo0FullCallback                       build/stm32f1xx_hal_can.o
HAL_CAN_RxFifo0MsgPendingCallback                 build/stm32f1xx_hal_can.o
HAL_CAN_RxFifo1FullCallback                       build/stm32f1xx_hal_can.o
HAL_CAN_RxFifo1MsgPendingCallback                 build/stm32f1xx_hal_can.o
HAL_CAN_SleepCallback                             build/stm32f1xx_hal_can.o
HAL_CAN_Start                                     build/stm32f1xx_hal_can.o
HAL_CAN_Stop                                      build/stm32f1xx_hal_can.o
HAL_CAN_TxMailbox0AbortCallback                   build/stm32f1xx_hal_can.o
HAL_CAN_TxMailbox0CompleteCallback                build/stm32f1xx_hal_can.o
HAL_CAN_TxMailbox1AbortCallback                   build/stm32f1xx_hal_can.o
HAL_CAN_TxMailbox1CompleteCallback                build/stm32f1xx_hal_can.o
HAL_CAN_TxMailbox2AbortCallback                   build/stm32f1xx_hal_can.o
HAL_CAN_TxMailbox2CompleteCallback                build/stm32f1xx_hal_can.o
HAL_CAN_UnRegisterCallback                        build/stm32f1xx_hal_can.o
HAL_CAN_WakeUp                                    build/stm32f1xx_hal_can.o
HAL_CAN_WakeUpFromRxMsgCallback                   build/stm32f1xx_hal_can.o
HAL_DBGMCU_DisableDBGSleepMode                    build/stm32f1xx_hal.o
HAL_DBGMCU_DisableDBGStandbyMode                  build/stm32f1xx_hal.o
HAL_DBGMCU_DisableDBGStopMode                     build/stm32f1xx_hal.o
HAL_DBGMCU_EnableDBGSleepMode                     build/stm32f1xx_hal.o
HAL_DBGMCU_EnableDBGStandbyMode                   build/stm32f1xx_hal.o
HAL_DBGMCU_EnableDBGStopMode                      build/stm32f1xx_hal.o
HAL_DMA_Abort                                     build/stm32f1xx_hal_dma.o
HAL_DMA_Abort_IT                                  build/stm32f1xx_hal_dma.o
                                                  build/stm32f1xx_hal_tim_ex.o
                                                  build/stm32f1xx_hal_tim.o
HAL_DMA_DeInit                                    build/stm32f1xx_hal_dma.o
HAL_DMA_GetError                                  build/stm32f1xx_hal_dma.o
HAL_DMA_GetState                                  build/stm32f1xx_hal_dma.o
HAL_DMA_IRQHandler                                build/stm32f1xx_hal_dma.o
HAL_DMA_Init                                      build/stm32f1xx_hal_dma.o
HAL_DMA_PollForTransfer                           build/stm32f1xx_hal_dma.o
HAL_DMA_RegisterCallback                          build/stm32f1xx_hal_dma.o
HAL_DMA_Start                                     build/stm32f1xx_hal_dma.o
HAL_DMA_Start_IT                                  build/stm32f1xx_hal_dma.o
                                                  build/stm32f1xx_hal_tim_ex.o
                                                  build/stm32f1xx_hal_tim.o
HAL_DMA_UnRegisterCallback                        build/stm32f1xx_hal_dma.o
HAL_DeInit                                        build/stm32f1xx_hal.o
HAL_Delay                                         build/stm32f1xx_hal.o
                                                  build/hx711.o
HAL_EXTI_ClearConfigLine                          build/stm32f1xx_hal_exti.o
HAL_EXTI_ClearPending                             build/stm32f1xx_hal_exti.o
HAL_EXTI_GenerateSWI                              build/stm32f1xx_hal_exti.o
HAL_EXTI_GetConfigLine                            build/stm32f1xx_hal_exti.o
HAL_EXTI_GetHandle                                build/stm32f1xx_hal_exti.o
HAL_EXTI_GetPending                               build/stm32f1xx_hal_exti.o
HAL_EXTI_IRQHandler                               build/stm32f1xx_hal_exti.o
HAL_EXTI_RegisterCallback                         build/stm32f1xx_hal_exti.o
HAL_EXTI_SetConfigLine                            build/stm32f1xx_hal_exti.o
HAL_FLASHEx_Erase                                 build/stm32f1xx_hal_flash_ex.o
HAL_FLASHEx_Erase_IT                              build/stm32f1xx_hal_flash_ex.o
HAL_FLASHEx_OBErase                               build/stm32f1xx_hal_flash_ex.o
HAL_FLASHEx_OBGetConfig                           build/stm32f1xx_hal_flash_ex.o
HAL_FLASHEx_OBGetUserData                         build/stm32f1xx_hal_flash_ex.o
HAL_FLASHEx_OBProgram                             build/stm32f1xx_hal_flash_ex.o
HAL_FLASH_EndOfOperationCallback                  build/stm32f1xx_hal_flash.o
HAL_FLASH_GetError                                build/stm32f1xx_hal_flash.o
HAL_FLASH_IRQHandler                              build/stm32f1xx_hal_flash.o
HAL_FLASH_Lock                                    build/stm32f1xx_hal_flash.o
HAL_FLASH_OB_Launch                               build/stm32f1xx_hal_flash.o
HAL_FLASH_OB_Lock                                 build/stm32f1xx_hal_flash.o
HAL_FLASH_OB_Unlock                               build/stm32f1xx_hal_flash.o
HAL_FLASH_OperationErrorCallback                  build/stm32f1xx_hal_flash.o
HAL_FLASH_Program                                 build/stm32f1xx_hal_flash.o
HAL_FLASH_Program_IT                              build/stm32f1xx_hal_flash.o
HAL_FLASH_Unlock                                  build/stm32f1xx_hal_flash.o
HAL_GPIOEx_ConfigEventout                         build/stm32f1xx_hal_gpio_ex.o
HAL_GPIOEx_DisableEventout                        build/stm32f1xx_hal_gpio_ex.o
HAL_GPIOEx_EnableEventout                         build/stm32f1xx_hal_gpio_ex.o
HAL_GPIO_DeInit                                   build/stm32f1xx_hal_gpio.o
                                                  build/stm32f1xx_hal_msp.o
HAL_GPIO_EXTI_Callback                            build/stm32f1xx_hal_gpio.o
HAL_GPIO_EXTI_IRQHandler                          build/stm32f1xx_hal_gpio.o
HAL_GPIO_Init                                     build/stm32f1xx_hal_gpio.o
                                                  build/stm32f1xx_hal_rcc.o
                                                  build/stm32f1xx_hal_msp.o
                                                  build/main.o
                                                  build/hx711.o
HAL_GPIO_LockPin                                  build/stm32f1xx_hal_gpio.o
HAL_GPIO_ReadPin                                  build/stm32f1xx_hal_gpio.o
                                                  build/hx711.o
HAL_GPIO_TogglePin                                build/stm32f1xx_hal_gpio.o
                                                  build/main.o
HAL_GPIO_WritePin                                 build/stm32f1xx_hal_gpio.o
                                                  build/stepper.o
                                                  build/segment.o
                                                  build/main.o
                                                  build/hx711.o
HAL_GetDEVID                                      build/stm32f1xx_hal.o
HAL_GetHalVersion                                 build/stm32f1xx_hal.o
HAL_GetREVID                                      build/stm32f1xx_hal.o
HAL_GetTick                                       build/stm32f1xx_hal.o
                                                  build/stm32f1xx_hal_rcc_ex.o
                                                  build/stm32f1xx_hal_rcc.o
                                                  build/stm32f1xx_hal_flash.o
                                                  build/stm32f1xx_hal_dma.o
                                                  build/stm32f1xx_hal_can.o
                                                  build/stepper.o
                                                  build/main.o
                                                  build/hx711.o
HAL_GetTickFreq                                   build/stm32f1xx_hal.o
HAL_GetTickPrio                                   build/stm32f1xx_hal.o
HAL_GetUIDw0                                      build/stm32f1xx_hal.o
HAL_GetUIDw1                                      build/stm32f1xx_hal.o
HAL_GetUIDw2                                      build/stm32f1xx_hal.o
HAL_IncTick                                       build/stm32f1xx_hal.o
                                                  build/stm32f1xx_it.o
HAL_Init                                          build/stm32f1xx_hal.o
                                                  build/main.o
HAL_InitTick                                      build/stm32f1xx_hal.o
                                                  build/stm32f1xx_hal_rcc.o
HAL_MspDeInit                                     build/stm32f1xx_hal.o
HAL_MspInit                                       build/stm32f1xx_hal_msp.o
HAL_NVIC_ClearPendingIRQ                          build/stm32f1xx_hal_cortex.o
HAL_NVIC_DisableIRQ                               build/stm32f1xx_hal_cortex.o
                                                  build/stm32f1xx_hal_msp.o
HAL_NVIC_EnableIRQ                                build/stm32f1xx_hal_cortex.o
                                                  build/stm32f1xx_hal_msp.o
HAL_NVIC_GetActive                                build/stm32f1xx_hal_cortex.o
HAL_NVIC_GetPendingIRQ                            build/stm32f1xx_hal_cortex.o
HAL_NVIC_GetPriority                              build/stm32f1xx_hal_cortex.o
HAL_NVIC_GetPriorityGrouping                      build/stm32f1xx_hal_cortex.o
HAL_NVIC_SetPendingIRQ                            build/stm32f1xx_hal_cortex.o
HAL_NVIC_SetPriority                              build/stm32f1xx_hal_cortex.o
                                                  build/stm32f1xx_hal.o
                                                  build/stm32f1xx_hal_msp.o
HAL_NVIC_SetPriorityGrouping                      build/stm32f1xx_hal_cortex.o
                                                  build/stm32f1xx_hal.o
HAL_NVIC_SystemReset                              build/stm32f1xx_hal_cortex.o
                                                  build/stm32f1xx_hal_flash.o
HAL_PWR_ConfigPVD                                 build/stm32f1xx_hal_pwr.o
HAL_PWR_DeInit                                    build/stm32f1xx_hal_pwr.o
HAL_PWR_DisableBkUpAccess                         build/stm32f1xx_hal_pwr.o
HAL_PWR_DisablePVD                                build/stm32f1xx_hal_pwr.o
HAL_PWR_DisableSEVOnPend                          build/stm32f1xx_hal_pwr.o
HAL_PWR_DisableSleepOnExit                        build/stm32f1xx_hal_pwr.o
HAL_PWR_DisableWakeUpPin                          build/stm32f1xx_hal_pwr.o
HAL_PWR_EnableBkUpAccess                          build/stm32f1xx_hal_pwr.o
HAL_PWR_EnablePVD                                 build/stm32f1xx_hal_pwr.o
HAL_PWR_EnableSEVOnPend                           build/stm32f1xx_hal_pwr.o
HAL_PWR_EnableSleepOnExit                         build/stm32f1xx_hal_pwr.o
HAL_PWR_EnableWakeUpPin                           build/stm32f1xx_hal_pwr.o
HAL_PWR_EnterSLEEPMode                            build/stm32f1xx_hal_pwr.o
HAL_PWR_EnterSTANDBYMode                          build/stm32f1xx_hal_pwr.o
HAL_PWR_EnterSTOPMode                             build/stm32f1xx_hal_pwr.o
HAL_PWR_PVDCallback                               build/stm32f1xx_hal_pwr.o
HAL_PWR_PVD_IRQHandler                            build/stm32f1xx_hal_pwr.o
HAL_RCCEx_GetPeriphCLKConfig                      build/stm32f1xx_hal_rcc_ex.o
HAL_RCCEx_GetPeriphCLKFreq                        build/stm32f1xx_hal_rcc_ex.o
HAL_RCCEx_PeriphCLKConfig                         build/stm32f1xx_hal_rcc_ex.o
HAL_RCC_CSSCallback                               build/stm32f1xx_hal_rcc.o
HAL_RCC_ClockConfig                               build/stm32f1xx_hal_rcc.o
                                                  build/main.o
HAL_RCC_DeInit                                    build/stm32f1xx_hal_rcc.o
HAL_RCC_DisableCSS                                build/stm32f1xx_hal_rcc.o
HAL_RCC_EnableCSS                                 build/stm32f1xx_hal_rcc.o
HAL_RCC_GetClockConfig                            build/stm32f1xx_hal_rcc.o
HAL_RCC_GetHCLKFreq                               build/stm32f1xx_hal_rcc.o
HAL_RCC_GetOscConfig                              build/stm32f1xx_hal_rcc.o
HAL_RCC_GetPCLK1Freq                              build/stm32f1xx_hal_rcc.o
HAL_RCC_GetPCLK2Freq                              build/stm32f1xx_hal_rcc.o
                                                  build/stm32f1xx_hal_rcc_ex.o
HAL_RCC_GetSysClockFreq                           build/stm32f1xx_hal_rcc.o
HAL_RCC_MCOConfig                                 build/stm32f1xx_hal_rcc.o
HAL_RCC_NMI_IRQHandler                            build/stm32f1xx_hal_rcc.o
HAL_RCC_OscConfig                                 build/stm32f1xx_hal_rcc.o
                                                  build/main.o
HAL_ResumeTick                                    build/stm32f1xx_hal.o
HAL_SYSTICK_CLKSourceConfig                       build/stm32f1xx_hal_cortex.o
HAL_SYSTICK_Callback                              build/stm32f1xx_hal_cortex.o
HAL_SYSTICK_Config                                build/stm32f1xx_hal_cortex.o
                                                  build/stm32f1xx_hal.o
HAL_SYSTICK_IRQHandler                            build/stm32f1xx_hal_cortex.o
HAL_SetTickFreq                                   build/stm32f1xx_hal.o
HAL_SuspendTick                                   build/stm32f1xx_hal.o
HAL_TIMEx_BreakCallback                           build/stm32f1xx_hal_tim_ex.o
                                                  build/stm32f1xx_hal_tim.o
HAL_TIMEx_CommutCallback                          build/stm32f1xx_hal_tim_ex.o
                                                  build/stm32f1xx_hal_tim.o
HAL_TIMEx_CommutHalfCpltCallback                  build/stm32f1xx_hal_tim_ex.o
HAL_TIMEx_ConfigBreakDeadTime                     build/stm32f1xx_hal_tim_ex.o
                                                  build/main.o
HAL_TIMEx_ConfigCommutEvent                       build/stm32f1xx_hal_tim_ex.o
HAL_TIMEx_ConfigCommutEvent_DMA                   build/stm32f1xx_hal_tim_ex.o
HAL_TIMEx_ConfigCommutEvent_IT                    build/stm32f1xx_hal_tim_ex.o
HAL_TIMEx_GetChannelNState                        build/stm32f1xx_hal_tim_ex.o
HAL_TIMEx_HallSensor_DeInit                       build/stm32f1xx_hal_tim_ex.o
HAL_TIMEx_HallSensor_GetState                     build/stm32f1xx_hal_tim_ex.o
HAL_TIMEx_HallSensor_Init                         build/stm32f1xx_hal_tim_ex.o
HAL_TIMEx_HallSensor_MspDeInit                    build/stm32f1xx_hal_tim_ex.o
HAL_TIMEx_HallSensor_MspInit                      build/stm32f1xx_hal_tim_ex.o
HAL_TIMEx_HallSensor_Start                        build/stm32f1xx_hal_tim_ex.o
HAL_TIMEx_HallSensor_Start_DMA                    build/stm32f1xx_hal_tim_ex.o
HAL_TIMEx_HallSensor_Start_IT                     build/stm32f1xx_hal_tim_ex.o
HAL_TIMEx_HallSensor_Stop                         build/stm32f1xx_hal_tim_ex.o
HAL_TIMEx_HallSensor_Stop_DMA                     build/stm32f1xx_hal_tim_ex.o
HAL_TIMEx_HallSensor_Stop_IT                      build/stm32f1xx_hal_tim_ex.o
HAL_TIMEx_MasterConfigSynchronization             build/stm32f1xx_hal_tim_ex.o
                                                  build/main.o
HAL_TIMEx_OCN_Start                               build/stm32f1xx_hal_tim_ex.o
HAL_TIMEx_OCN_Start_DMA                           build/stm32f1xx_hal_tim_ex.o
HAL_TIMEx_OCN_Start_IT                            build/stm32f1xx_hal_tim_ex.o
HAL_TIMEx_OCN_Stop                                build/stm32f1xx_hal_tim_ex.o
HAL_TIMEx_OCN_Stop_DMA                            build/stm32f1xx_hal_tim_ex.o
HAL_TIMEx_OCN_Stop_IT                             build/stm32f1xx_hal_tim_ex.o
HAL_TIMEx_OnePulseN_Start                         build/stm32f1xx_hal_tim_ex.o
HAL_TIMEx_OnePulseN_Start_IT                      build/stm32f1xx_hal_tim_ex.o
HAL_TIMEx_OnePulseN_Stop                          build/stm32f1xx_hal_tim_ex.o
HAL_TIMEx_OnePulseN_Stop_IT                       build/stm32f1xx_hal_tim_ex.o
HAL_TIMEx_PWMN_Start                              build/stm32f1xx_hal_tim_ex.o
HAL_TIMEx_PWMN_Start_DMA                          build/stm32f1xx_hal_tim_ex.o
HAL_TIMEx_PWMN_Start_IT                           build/stm32f1xx_hal_tim_ex.o
HAL_TIMEx_PWMN_Stop                               build/stm32f1xx_hal_tim_ex.o
HAL_TIMEx_PWMN_Stop_DMA                           build/stm32f1xx_hal_tim_ex.o
HAL_TIMEx_PWMN_Stop_IT                            build/stm32f1xx_hal_tim_ex.o
HAL_TIMEx_RemapConfig                             build/stm32f1xx_hal_tim_ex.o
HAL_TIM_Base_DeInit                               build/stm32f1xx_hal_tim.o
HAL_TIM_Base_GetState                             build/stm32f1xx_hal_tim.o
HAL_TIM_Base_Init                                 build/stm32f1xx_hal_tim.o
                                                  build/main.o
HAL_TIM_Base_MspDeInit                            build/stm32f1xx_hal_msp.o
HAL_TIM_Base_MspInit                              build/stm32f1xx_hal_msp.o
HAL_TIM_Base_Start                                build/stm32f1xx_hal_tim.o
HAL_TIM_Base_Start_DMA                            build/stm32f1xx_hal_tim.o
HAL_TIM_Base_Start_IT                             build/stm32f1xx_hal_tim.o
HAL_TIM_Base_Stop                                 build/stm32f1xx_hal_tim.o
HAL_TIM_Base_Stop_DMA                             build/stm32f1xx_hal_tim.o
HAL_TIM_Base_Stop_IT                              build/stm32f1xx_hal_tim.o
HAL_TIM_ConfigClockSource                         build/stm32f1xx_hal_tim.o
                                                  build/main.o
HAL_TIM_ConfigOCrefClear                          build/stm32f1xx_hal_tim.o
HAL_TIM_ConfigTI1Input                            build/stm32f1xx_hal_tim.o
HAL_TIM_DMABurstState                             build/stm32f1xx_hal_tim.o
HAL_TIM_DMABurst_MultiReadStart                   build/stm32f1xx_hal_tim.o
HAL_TIM_DMABurst_MultiWriteStart                  build/stm32f1xx_hal_tim.o
HAL_TIM_DMABurst_ReadStart                        build/stm32f1xx_hal_tim.o
HAL_TIM_DMABurst_ReadStop                         build/stm32f1xx_hal_tim.o
HAL_TIM_DMABurst_WriteStart                       build/stm32f1xx_hal_tim.o
HAL_TIM_DMABurst_WriteStop                        build/stm32f1xx_hal_tim.o
HAL_TIM_Encoder_DeInit                            build/stm32f1xx_hal_tim.o
HAL_TIM_Encoder_GetState                          build/stm32f1xx_hal_tim.o
HAL_TIM_Encoder_Init                              build/stm32f1xx_hal_tim.o
HAL_TIM_Encoder_MspDeInit                         build/stm32f1xx_hal_tim.o
HAL_TIM_Encoder_MspInit                           build/stm32f1xx_hal_tim.o
HAL_TIM_Encoder_Start                             build/stm32f1xx_hal_tim.o
HAL_TIM_Encoder_Start_DMA                         build/stm32f1xx_hal_tim.o
HAL_TIM_Encoder_Start_IT                          build/stm32f1xx_hal_tim.o
HAL_TIM_Encoder_Stop                              build/stm32f1xx_hal_tim.o
HAL_TIM_Encoder_Stop_DMA                          build/stm32f1xx_hal_tim.o
HAL_TIM_Encoder_Stop_IT                           build/stm32f1xx_hal_tim.o
HAL_TIM_ErrorCallback                             build/stm32f1xx_hal_tim.o
                                                  build/stm32f1xx_hal_tim_ex.o
HAL_TIM_GenerateEvent                             build/stm32f1xx_hal_tim.o
HAL_TIM_GetActiveChannel                          build/stm32f1xx_hal_tim.o
HAL_TIM_GetChannelState                           build/stm32f1xx_hal_tim.o
HAL_TIM_IC_CaptureCallback                        build/stm32f1xx_hal_tim.o
HAL_TIM_IC_CaptureHalfCpltCallback                build/stm32f1xx_hal_tim.o
HAL_TIM_IC_ConfigChannel                          build/stm32f1xx_hal_tim.o
HAL_TIM_IC_DeInit                                 build/stm32f1xx_hal_tim.o
HAL_TIM_IC_GetState                               build/stm32f1xx_hal_tim.o
HAL_TIM_IC_Init                                   build/stm32f1xx_hal_tim.o
HAL_TIM_IC_MspDeInit                              build/stm32f1xx_hal_tim.o
HAL_TIM_IC_MspInit                                build/stm32f1xx_hal_tim.o
HAL_TIM_IC_Start                                  build/stm32f1xx_hal_tim.o
HAL_TIM_IC_Start_DMA                              build/stm32f1xx_hal_tim.o
HAL_TIM_IC_Start_IT                               build/stm32f1xx_hal_tim.o
HAL_TIM_IC_Stop                                   build/stm32f1xx_hal_tim.o
HAL_TIM_IC_Stop_DMA                               build/stm32f1xx_hal_tim.o
HAL_TIM_IC_Stop_IT                                build/stm32f1xx_hal_tim.o
HAL_TIM_IRQHandler                                build/stm32f1xx_hal_tim.o
                                                  build/stm32f1xx_it.o
HAL_TIM_MspPostInit                               build/stm32f1xx_hal_msp.o
                                                  build/main.o
HAL_TIM_OC_ConfigChannel                          build/stm32f1xx_hal_tim.o
HAL_TIM_OC_DeInit                                 build/stm32f1xx_hal_tim.o
HAL_TIM_OC_DelayElapsedCallback                   build/stm32f1xx_hal_tim.o
HAL_TIM_OC_GetState                               build/stm32f1xx_hal_tim.o
HAL_TIM_OC_Init                                   build/stm32f1xx_hal_tim.o
HAL_TIM_OC_MspDeInit                              build/stm32f1xx_hal_tim.o
HAL_TIM_OC_MspInit                                build/stm32f1xx_hal_tim.o
HAL_TIM_OC_Start                                  build/stm32f1xx_hal_tim.o
HAL_TIM_OC_Start_DMA                              build/stm32f1xx_hal_tim.o
HAL_TIM_OC_Start_IT                               build/stm32f1xx_hal_tim.o
HAL_TIM_OC_Stop                                   build/stm32f1xx_hal_tim.o
HAL_TIM_OC_Stop_DMA                               build/stm32f1xx_hal_tim.o
HAL_TIM_OC_Stop_IT                                build/stm32f1xx_hal_tim.o
HAL_TIM_OnePulse_ConfigChannel                    build/stm32f1xx_hal_tim.o
HAL_TIM_OnePulse_DeInit                           build/stm32f1xx_hal_tim.o
HAL_TIM_OnePulse_GetState                         build/stm32f1xx_hal_tim.o
HAL_TIM_OnePulse_Init                             build/stm32f1xx_hal_tim.o
HAL_TIM_OnePulse_MspDeInit                        build/stm32f1xx_hal_tim.o
HAL_TIM_OnePulse_MspInit                          build/stm32f1xx_hal_tim.o
HAL_TIM_OnePulse_Start                            build/stm32f1xx_hal_tim.o
HAL_TIM_OnePulse_Start_IT                         build/stm32f1xx_hal_tim.o
HAL_TIM_OnePulse_Stop                             build/stm32f1xx_hal_tim.o
HAL_TIM_OnePulse_Stop_IT                          build/stm32f1xx_hal_tim.o
HAL_TIM_PWM_ConfigChannel                         build/stm32f1xx_hal_tim.o
                                                  build/main.o
HAL_TIM_PWM_DeInit                                build/stm32f1xx_hal_tim.o
HAL_TIM_PWM_GetState                              build/stm32f1xx_hal_tim.o
HAL_TIM_PWM_Init                                  build/stm32f1xx_hal_tim.o
                                                  build/main.o
HAL_TIM_PWM_MspDeInit                             build/stm32f1xx_hal_tim.o
HAL_TIM_PWM_MspInit                               build/stm32f1xx_hal_tim.o
HAL_TIM_PWM_PulseFinishedCallback                 build/stm32f1xx_hal_tim.o
                                                  build/stm32f1xx_hal_tim_ex.o
HAL_TIM_PWM_PulseFinishedHalfCpltCallback         build/stm32f1xx_hal_tim.o
HAL_TIM_PWM_Start                                 build/stm32f1xx_hal_tim.o
HAL_TIM_PWM_Start_DMA                             build/stm32f1xx_hal_tim.o
HAL_TIM_PWM_Start_IT                              build/stm32f1xx_hal_tim.o
                                                  build/stepper.o
HAL_TIM_PWM_Stop                                  build/stm32f1xx_hal_tim.o
HAL_TIM_PWM_Stop_DMA                              build/stm32f1xx_hal_tim.o
HAL_TIM_PWM_Stop_IT                               build/stm32f1xx_hal_tim.o
                                                  build/stepper.o
HAL_TIM_PeriodElapsedCallback                     build/stm32f1xx_hal_tim.o
HAL_TIM_PeriodElapsedHalfCpltCallback             build/stm32f1xx_hal_tim.o
HAL_TIM_ReadCapturedValue                         build/stm32f1xx_hal_tim.o
HAL_TIM_SlaveConfigSynchro                        build/stm32f1xx_hal_tim.o
HAL_TIM_SlaveConfigSynchro_IT                     build/stm32f1xx_hal_tim.o
HAL_TIM_TriggerCallback                           build/stm32f1xx_hal_tim.o
HAL_TIM_TriggerHalfCpltCallback                   build/stm32f1xx_hal_tim.o
HardFault_Handler                                 build/stm32f1xx_it.o
I2C1_ER_IRQHandler                                build/startup_stm32f103xb.o
I2C1_EV_IRQHandler                                build/startup_stm32f103xb.o
I2C2_ER_IRQHandler                                build/startup_stm32f103xb.o
I2C2_EV_IRQHandler                                build/startup_stm32f103xb.o
MemManage_Handler                                 build/stm32f1xx_it.o
NMI_Handler                                       build/stm32f1xx_it.o
PVD_IRQHandler                                    build/startup_stm32f103xb.o
PendSV_Handler                                    build/stm32f1xx_it.o
RCC_IRQHandler                                    build/startup_stm32f103xb.o
RTC_Alarm_IRQHandler                              build/startup_stm32f103xb.o
RTC_IRQHandler                                    build/startup_stm32f103xb.o
Reset_Handler                                     build/startup_stm32f103xb.o
SPI1_IRQHandler                                   build/startup_stm32f103xb.o
SPI2_IRQHandler                                   build/startup_stm32f103xb.o
SVC_Handler                                       build/stm32f1xx_it.o
SysTick_Handler                                   build/stm32f1xx_it.o
SystemClock_Config                                build/main.o
SystemCoreClock                                   build/system_stm32f1xx.o
                                                  build/stm32f1xx_hal_rcc.o
                                                  build/stm32f1xx_hal.o
SystemCoreClockUpdate                             build/system_stm32f1xx.o
SystemInit                                        build/system_stm32f1xx.o
                                                  build/startup_stm32f103xb.o
TAMPER_IRQHandler                                 build/startup_stm32f103xb.o
TIM1_BRK_IRQHandler                               build/startup_stm32f103xb.o
TIM1_CC_IRQHandler                                build/stm32f1xx_it.o
TIM1_TRG_COM_IRQHandler                           build/startup_stm32f103xb.o
TIM1_UP_IRQHandler                                build/stm32f1xx_it.o
TIM2_IRQHandler                                   build/startup_stm32f103xb.o
TIM3_IRQHandler                                   build/startup_stm32f103xb.o
TIM4_IRQHandler                                   build/startup_stm32f103xb.o
TIMEx_DMACommutationCplt                          build/stm32f1xx_hal_tim_ex.o
                                                  build/stm32f1xx_hal_tim.o
TIMEx_DMACommutationHalfCplt                      build/stm32f1xx_hal_tim_ex.o
                                                  build/stm32f1xx_hal_tim.o
TIM_Base_SetConfig                                build/stm32f1xx_hal_tim.o
                                                  build/stm32f1xx_hal_tim_ex.o
TIM_CCxChannelCmd                                 build/stm32f1xx_hal_tim.o
                                                  build/stm32f1xx_hal_tim_ex.o
TIM_DMACaptureCplt                                build/stm32f1xx_hal_tim.o
                                                  build/stm32f1xx_hal_tim_ex.o
TIM_DMACaptureHalfCplt                            build/stm32f1xx_hal_tim.o
                                                  build/stm32f1xx_hal_tim_ex.o
TIM_DMADelayPulseHalfCplt                         build/stm32f1xx_hal_tim.o
                                                  build/stm32f1xx_hal_tim_ex.o
TIM_DMAError                                      build/stm32f1xx_hal_tim.o
                                                  build/stm32f1xx_hal_tim_ex.o
TIM_ETR_SetConfig                                 build/stm32f1xx_hal_tim.o
TIM_OC2_SetConfig                                 build/stm32f1xx_hal_tim.o
                                                  build/stm32f1xx_hal_tim_ex.o
TIM_TI1_SetConfig                                 build/stm32f1xx_hal_tim.o
                                                  build/stm32f1xx_hal_tim_ex.o
USART1_IRQHandler                                 build/startup_stm32f103xb.o
USART2_IRQHandler                                 build/startup_stm32f103xb.o
USART3_IRQHandler                                 build/startup_stm32f103xb.o
USBWakeUp_IRQHandler                              build/startup_stm32f103xb.o
USB_HP_CAN1_TX_IRQHandler                         build/startup_stm32f103xb.o
USB_LP_CAN1_RX0_IRQHandler                        build/stm32f1xx_it.o
UsageFault_Handler                                build/stm32f1xx_it.o
WWDG_IRQHandler                                   build/startup_stm32f103xb.o
__addsf3                                          /home/jack/.config/Code - OSS/User/globalStorage/bmd.stm32-for-vscode/@xpack-dev-tools/arm-none-eabi-gcc/11.3.1-1.1.2/.content/bin/../lib/gcc/arm-none-eabi/11.3.1/thumb/v7-m/nofp/libgcc.a(_arm_addsubsf3.o)
__aeabi_f2uiz                                     /home/jack/.config/Code - OSS/User/globalStorage/bmd.stm32-for-vscode/@xpack-dev-tools/arm-none-eabi-gcc/11.3.1-1.1.2/.content/bin/../lib/gcc/arm-none-eabi/11.3.1/thumb/v7-m/nofp/libgcc.a(_arm_fixunssfsi.o)
                                                  build/main.o
__aeabi_fadd                                      /home/jack/.config/Code - OSS/User/globalStorage/bmd.stm32-for-vscode/@xpack-dev-tools/arm-none-eabi-gcc/11.3.1-1.1.2/.content/bin/../lib/gcc/arm-none-eabi/11.3.1/thumb/v7-m/nofp/libgcc.a(_arm_addsubsf3.o)
__aeabi_fdiv                                      /home/jack/.config/Code - OSS/User/globalStorage/bmd.stm32-for-vscode/@xpack-dev-tools/arm-none-eabi-gcc/11.3.1-1.1.2/.content/bin/../lib/gcc/arm-none-eabi/11.3.1/thumb/v7-m/nofp/libgcc.a(_arm_muldivsf3.o)
                                                  build/hx711.o
__aeabi_fmul                                      /home/jack/.config/Code - OSS/User/globalStorage/bmd.stm32-for-vscode/@xpack-dev-tools/arm-none-eabi-gcc/11.3.1-1.1.2/.content/bin/../lib/gcc/arm-none-eabi/11.3.1/thumb/v7-m/nofp/libgcc.a(_arm_muldivsf3.o)
__aeabi_frsub                                     /home/jack/.config/Code - OSS/User/globalStorage/bmd.stm32-for-vscode/@xpack-dev-tools/arm-none-eabi-gcc/11.3.1-1.1.2/.content/bin/../lib/gcc/arm-none-eabi/11.3.1/thumb/v7-m/nofp/libgcc.a(_arm_addsubsf3.o)
__aeabi_fsub                                      /home/jack/.config/Code - OSS/User/globalStorage/bmd.stm32-for-vscode/@xpack-dev-tools/arm-none-eabi-gcc/11.3.1-1.1.2/.content/bin/../lib/gcc/arm-none-eabi/11.3.1/thumb/v7-m/nofp/libgcc.a(_arm_addsubsf3.o)
__aeabi_i2f                                       /home/jack/.config/Code - OSS/User/globalStorage/bmd.stm32-for-vscode/@xpack-dev-tools/arm-none-eabi-gcc/11.3.1-1.1.2/.content/bin/../lib/gcc/arm-none-eabi/11.3.1/thumb/v7-m/nofp/libgcc.a(_arm_addsubsf3.o)
                                                  build/hx711.o
__aeabi_idiv0                                     /home/jack/.config/Code - OSS/User/globalStorage/bmd.stm32-for-vscode/@xpack-dev-tools/arm-none-eabi-gcc/11.3.1-1.1.2/.content/bin/../lib/gcc/arm-none-eabi/11.3.1/thumb/v7-m/nofp/libgcc.a(_dvmd_tls.o)
__aeabi_l2f                                       /home/jack/.config/Code - OSS/User/globalStorage/bmd.stm32-for-vscode/@xpack-dev-tools/arm-none-eabi-gcc/11.3.1-1.1.2/.content/bin/../lib/gcc/arm-none-eabi/11.3.1/thumb/v7-m/nofp/libgcc.a(_arm_addsubsf3.o)
__aeabi_ldiv0                                     /home/jack/.config/Code - OSS/User/globalStorage/bmd.stm32-for-vscode/@xpack-dev-tools/arm-none-eabi-gcc/11.3.1-1.1.2/.content/bin/../lib/gcc/arm-none-eabi/11.3.1/thumb/v7-m/nofp/libgcc.a(_dvmd_tls.o)
                                                  /home/jack/.config/Code - OSS/User/globalStorage/bmd.stm32-for-vscode/@xpack-dev-tools/arm-none-eabi-gcc/11.3.1-1.1.2/.content/bin/../lib/gcc/arm-none-eabi/11.3.1/thumb/v7-m/nofp/libgcc.a(_aeabi_ldivmod.o)
__aeabi_ldivmod                                   /home/jack/.config/Code - OSS/User/globalStorage/bmd.stm32-for-vscode/@xpack-dev-tools/arm-none-eabi-gcc/11.3.1-1.1.2/.content/bin/../lib/gcc/arm-none-eabi/11.3.1/thumb/v7-m/nofp/libgcc.a(_aeabi_ldivmod.o)
                                                  build/hx711.o
__aeabi_ui2f                                      /home/jack/.config/Code - OSS/User/globalStorage/bmd.stm32-for-vscode/@xpack-dev-tools/arm-none-eabi-gcc/11.3.1-1.1.2/.content/bin/../lib/gcc/arm-none-eabi/11.3.1/thumb/v7-m/nofp/libgcc.a(_arm_addsubsf3.o)
__aeabi_ul2f                                      /home/jack/.config/Code - OSS/User/globalStorage/bmd.stm32-for-vscode/@xpack-dev-tools/arm-none-eabi-gcc/11.3.1-1.1.2/.content/bin/../lib/gcc/arm-none-eabi/11.3.1/thumb/v7-m/nofp/libgcc.a(_arm_addsubsf3.o)
__atexit                                          /home/jack/.config/Code - OSS/User/globalStorage/bmd.stm32-for-vscode/@xpack-dev-tools/arm-none-eabi-gcc/11.3.1-1.1.2/.content/bin/../lib/gcc/arm-none-eabi/11.3.1/../../../../arm-none-eabi/lib/thumb/v7-m/nofp/libc_nano.a(libc_a-__call_atexit.o)
                                                  /home/jack/.config/Code - OSS/User/globalStorage/bmd.stm32-for-vscode/@xpack-dev-tools/arm-none-eabi-gcc/11.3.1-1.1.2/.content/bin/../lib/gcc/arm-none-eabi/11.3.1/../../../../arm-none-eabi/lib/thumb/v7-m/nofp/libc_nano.a(libc_a-__atexit.o)
__atexit0                                         /home/jack/.config/Code - OSS/User/globalStorage/bmd.stm32-for-vscode/@xpack-dev-tools/arm-none-eabi-gcc/11.3.1-1.1.2/.content/bin/../lib/gcc/arm-none-eabi/11.3.1/../../../../arm-none-eabi/lib/thumb/v7-m/nofp/libc_nano.a(libc_a-__atexit.o)
__atexit_dummy                                    /home/jack/.config/Code - OSS/User/globalStorage/bmd.stm32-for-vscode/@xpack-dev-tools/arm-none-eabi-gcc/11.3.1-1.1.2/.content/bin/../lib/gcc/arm-none-eabi/11.3.1/../../../../arm-none-eabi/lib/thumb/v7-m/nofp/libc_nano.a(libc_a-__atexit.o)
__atexit_recursive_mutex                          /home/jack/.config/Code - OSS/User/globalStorage/bmd.stm32-for-vscode/@xpack-dev-tools/arm-none-eabi-gcc/11.3.1-1.1.2/.content/bin/../lib/gcc/arm-none-eabi/11.3.1/../../../../arm-none-eabi/lib/thumb/v7-m/nofp/libc_nano.a(libc_a-__call_atexit.o)
                                                  /home/jack/.config/Code - OSS/User/globalStorage/bmd.stm32-for-vscode/@xpack-dev-tools/arm-none-eabi-gcc/11.3.1-1.1.2/.content/bin/../lib/gcc/arm-none-eabi/11.3.1/../../../../arm-none-eabi/lib/thumb/v7-m/nofp/libc_nano.a(libc_a-__atexit.o)
__bss_end__                                       /home/jack/.config/Code - OSS/User/globalStorage/bmd.stm32-for-vscode/@xpack-dev-tools/arm-none-eabi-gcc/11.3.1-1.1.2/.content/bin/../lib/gcc/arm-none-eabi/11.3.1/../../../../arm-none-eabi/lib/thumb/v7-m/nofp/crt0.o
__bss_start__                                     /home/jack/.config/Code - OSS/User/globalStorage/bmd.stm32-for-vscode/@xpack-dev-tools/arm-none-eabi-gcc/11.3.1-1.1.2/.content/bin/../lib/gcc/arm-none-eabi/11.3.1/../../../../arm-none-eabi/lib/thumb/v7-m/nofp/crt0.o
__call_exitprocs                                  /home/jack/.config/Code - OSS/User/globalStorage/bmd.stm32-for-vscode/@xpack-dev-tools/arm-none-eabi-gcc/11.3.1-1.1.2/.content/bin/../lib/gcc/arm-none-eabi/11.3.1/../../../../arm-none-eabi/lib/thumb/v7-m/nofp/libc_nano.a(libc_a-__call_atexit.o)